<?xml version="1.0" encoding="utf-8"?>
<TestRun id="dbbd0b96-4c40-43de-8821-0b06b6515ee4" name="raees@DESKTOP-FCRQ2KL 2022-10-20 09:13:45" runUser="DESKTOP-FCRQ2KL\raees" xmlns="http://microsoft.com/schemas/VisualStudio/TeamTest/2010">
  <Times creation="2022-10-20T09:13:45.1774596-07:00" queuing="2022-10-20T09:13:45.1774596-07:00" start="2022-10-20T09:12:37.5350464-07:00" finish="2022-10-20T09:50:46.8668343-07:00" />
  <TestSettings name="default" id="7530b82c-e1d3-4422-a004-51f544e48d5f">
    <Deployment runDeploymentRoot="raees_DESKTOP-FCRQ2KL_2022-10-20_09_13_45" />
  </TestSettings>
  <Results>
    <UnitTestResult executionId="a5ee1149-21e4-4b07-b39f-25e7924d963b" testId="32ce287b-eb99-46a2-8294-454dcc7db799" testName="Search_Products_By_Invalid_Data (Data Row 0)" computerName="DESKTOP-FCRQ2KL" duration="00:01:14.8620699" startTime="2022-10-20T09:19:11.9222512-07:00" endTime="2022-10-20T09:20:26.7854743-07:00" testType="13cdc9d9-ddb5-4fa4-a97d-d965ccfc6d4b" outcome="Passed" testListId="8c84fa94-04c1-424b-9868-57a2d4851a1d" relativeResultsDirectory="a5ee1149-21e4-4b07-b39f-25e7924d963b">
      <Output>
        <StdOut>Search_Products_By_Invalid_Data</StdOut>
      </Output>
    </UnitTestResult>
    <UnitTestResult executionId="a9f94294-3f42-4cd5-8a16-3c2c9aa4b482" testId="4cd5da57-0dd6-4fe7-95ba-c5a19c9393b7" testName="PlaceOrder_SignIn_While_CheckOut" computerName="DESKTOP-FCRQ2KL" duration="00:04:12.7022216" startTime="2022-10-20T09:20:26.7854743-07:00" endTime="2022-10-20T09:24:39.4885781-07:00" testType="13cdc9d9-ddb5-4fa4-a97d-d965ccfc6d4b" outcome="Failed" testListId="8c84fa94-04c1-424b-9868-57a2d4851a1d" relativeResultsDirectory="a9f94294-3f42-4cd5-8a16-3c2c9aa4b482">
      <Output>
        <StdOut>PlaceOrder_SignIn_While_CheckOut</StdOut>
        <ErrorInfo>
          <Message>Test method SQABOOTCAUMP01_FINAL_PROJECT_Umar_Khursheed_.NewFolder1.PlaceOrderTestCase.PlaceOrder_SignIn_While_CheckOut threw exception: &#xD;
OpenQA.Selenium.WebDriverException: An unknown exception was encountered sending an HTTP request to the remote WebDriver server for URL http://localhost:63462/session/7272e8e9f3bdcd4d70a9c0688fc1c9c4/execute/sync. The exception message was: An error occurred while sending the request. ---&gt; System.Net.Http.HttpRequestException: An error occurred while sending the request. ---&gt; System.Net.WebException: Unable to connect to the remote server ---&gt; System.Net.Sockets.SocketException: No connection could be made because the target machine actively refused it 127.0.0.1:63462</Message>
          <StackTrace>    at System.Net.Sockets.Socket.InternalEndConnect(IAsyncResult asyncResult)&#xD;
   at System.Net.Sockets.Socket.EndConnect(IAsyncResult asyncResult)&#xD;
   at System.Net.ServicePoint.ConnectSocketInternal(Boolean connectFailure, Socket s4, Socket s6, Socket&amp; socket, IPAddress&amp; address, ConnectSocketState state, IAsyncResult asyncResult, Exception&amp; exception)&#xD;
--- End of inner exception stack trace ---&#xD;
    at System.Net.HttpWebRequest.EndGetRequestStream(IAsyncResult asyncResult, TransportContext&amp; context)&#xD;
   at System.Net.Http.HttpClientHandler.GetRequestStreamCallback(IAsyncResult ar)&#xD;
--- End of inner exception stack trace ---&#xD;
    at System.Runtime.ExceptionServices.ExceptionDispatchInfo.Throw()&#xD;
   at System.Runtime.CompilerServices.TaskAwaiter.HandleNonSuccessAndDebuggerNotification(Task task)&#xD;
   at System.Runtime.CompilerServices.TaskAwaiter`1.GetResult()&#xD;
   at OpenQA.Selenium.Remote.HttpCommandExecutor.&lt;MakeHttpRequest&gt;d__35.MoveNext()&#xD;
--- End of stack trace from previous location where exception was thrown ---&#xD;
   at System.Runtime.ExceptionServices.ExceptionDispatchInfo.Throw()&#xD;
   at System.Runtime.CompilerServices.TaskAwaiter.HandleNonSuccessAndDebuggerNotification(Task task)&#xD;
   at System.Runtime.CompilerServices.TaskAwaiter`1.GetResult()&#xD;
   at OpenQA.Selenium.Remote.HttpCommandExecutor.Execute(Command commandToExecute)&#xD;
--- End of inner exception stack trace ---&#xD;
    at OpenQA.Selenium.Remote.HttpCommandExecutor.Execute(Command commandToExecute)&#xD;
   at OpenQA.Selenium.Remote.DriverServiceCommandExecutor.Execute(Command commandToExecute)&#xD;
   at OpenQA.Selenium.WebDriver.Execute(String driverCommandToExecute, Dictionary`2 parameters)&#xD;
   at OpenQA.Selenium.WebDriver.ExecuteScriptCommand(String script, String commandName, Object[] args)&#xD;
   at OpenQA.Selenium.WebDriver.ExecuteScript(String script, Object[] args)&#xD;
   at SQABootCampFinalProject.PageObjectModel.BaseClass.CommonMethodClass.IsPageReady(IWebDriver driver) in C:\Users\raees\source\repos\SQABootCampFinalProject\PageObjectModel\BaseClass\BaseClass.cs:line 444&#xD;
   at SQABootCampFinalProject.PageObjectModel.BaseClass.CommonMethodClass.&lt;&gt;c__DisplayClass53_0.&lt;WaitforElement&gt;b__0(IWebDriver driver) in C:\Users\raees\source\repos\SQABootCampFinalProject\PageObjectModel\BaseClass\BaseClass.cs:line 489&#xD;
   at OpenQA.Selenium.Support.UI.DefaultWait`1.Until[TResult](Func`2 condition, CancellationToken token)&#xD;
   at OpenQA.Selenium.Support.UI.DefaultWait`1.Until[TResult](Func`2 condition)&#xD;
   at SQABootCampFinalProject.PageObjectModel.BaseClass.CommonMethodClass.WaitforElement(By by, Int32 timeToReadyElement) in C:\Users\raees\source\repos\SQABootCampFinalProject\PageObjectModel\BaseClass\BaseClass.cs:line 489&#xD;
   at SQABootCampFinalProject.PageObjectModel.BaseClass.CommonMethodClass.GetElementText_And_Verify_Visibilit(String elementtext, By path) in C:\Users\raees\source\repos\SQABootCampFinalProject\PageObjectModel\BaseClass\BaseClass.cs:line 362&#xD;
   at SQABOOTCAUMP01_FINAL_PROJECT_Umar_Khursheed_.PageObjectModel.Home.PlaceOrder.Place_Order() in C:\Users\raees\source\repos\SQABootCampFinalProject\PageObjectModel\PlaceOrder\PlaceOrder.cs:line 32&#xD;
   at SQABOOTCAUMP01_FINAL_PROJECT_Umar_Khursheed_.PageObjectModel.Home.CommonClass.PlaceOrder1() in C:\Users\raees\source\repos\SQABootCampFinalProject\PageObjectModel\PlaceOrder\CommonClass.cs:line 32&#xD;
   at SQABOOTCAUMP01_FINAL_PROJECT_Umar_Khursheed_.NewFolder1.PlaceOrderTestCase.PlaceOrder_SignIn_While_CheckOut() in C:\Users\raees\source\repos\SQABootCampFinalProject\PageObjectModel\PlaceOrder\PlaceOrderTestCase.cs:line 32&#xD;
</StackTrace>
        </ErrorInfo>
      </Output>
    </UnitTestResult>
    <UnitTestResult executionId="d1642287-e556-4343-aac1-17b8ff1490f5" testId="1ec23422-ec25-46f8-b4db-b14f22a1a0d1" testName="Verify_Sign_up_with_Existing_User (Data Row 0)" computerName="DESKTOP-FCRQ2KL" duration="00:00:46.1457269" startTime="2022-10-20T09:13:45.1684828-07:00" endTime="2022-10-20T09:14:31.3158596-07:00" testType="13cdc9d9-ddb5-4fa4-a97d-d965ccfc6d4b" outcome="Passed" testListId="8c84fa94-04c1-424b-9868-57a2d4851a1d" relativeResultsDirectory="d1642287-e556-4343-aac1-17b8ff1490f5">
      <Output>
        <StdOut>Verify_Sign_up_with_Existing_User</StdOut>
      </Output>
    </UnitTestResult>
    <UnitTestResult executionId="16053fee-0922-4af6-99ca-22f9bf15f470" testId="76fbf08e-6ccc-472c-80c5-3f4dfd6e3094" testName="AddTocart_Without_color_and_Quantity" computerName="DESKTOP-FCRQ2KL" duration="00:00:36.3712468" startTime="2022-10-20T09:48:30.3188802-07:00" endTime="2022-10-20T09:49:06.6898556-07:00" testType="13cdc9d9-ddb5-4fa4-a97d-d965ccfc6d4b" outcome="Passed" testListId="8c84fa94-04c1-424b-9868-57a2d4851a1d" relativeResultsDirectory="16053fee-0922-4af6-99ca-22f9bf15f470">
      <Output>
        <StdOut>AddTocart_Without_color_and_Quantity</StdOut>
      </Output>
    </UnitTestResult>
    <UnitTestResult executionId="82e7b985-ef3c-4fc2-bc7f-713f58921b77" testId="3de88f45-ca4d-4a78-b915-632c8388a965" testName="Verify_Sign_up_new_user_with_valid_Credentials (Data Row 0)" computerName="DESKTOP-FCRQ2KL" duration="00:00:58.6412013" startTime="2022-10-20T09:14:31.3168238-07:00" endTime="2022-10-20T09:15:29.9594566-07:00" testType="13cdc9d9-ddb5-4fa4-a97d-d965ccfc6d4b" outcome="Passed" testListId="8c84fa94-04c1-424b-9868-57a2d4851a1d" relativeResultsDirectory="82e7b985-ef3c-4fc2-bc7f-713f58921b77">
      <Output>
        <StdOut>Verify_Sign_up_new_user_with_valid_Credentials</StdOut>
      </Output>
    </UnitTestResult>
    <UnitTestResult executionId="f7251805-b147-4f94-b9ff-9e30fba5c7a7" testId="13499c80-9e64-46cd-aada-49d5ad335434" testName="Verfy_Contact_Us_Form_By_Fill_All_MandatoryFields (Data Row 0)" computerName="DESKTOP-FCRQ2KL" duration="00:01:09.3861441" startTime="2022-10-20T09:35:02.2519304-07:00" endTime="2022-10-20T09:36:11.9931012-07:00" testType="13cdc9d9-ddb5-4fa4-a97d-d965ccfc6d4b" outcome="Passed" testListId="8c84fa94-04c1-424b-9868-57a2d4851a1d" relativeResultsDirectory="f7251805-b147-4f94-b9ff-9e30fba5c7a7">
      <Output>
        <StdOut>Verfy_Contact_Us_Form_By_Fill_All_MandatoryFields</StdOut>
      </Output>
    </UnitTestResult>
    <UnitTestResult executionId="be27b76b-9b86-449d-bf06-18a536471cb5" testId="c4543f3f-5a2e-4fb9-ab7a-04a808fef8ad" testName="Add_Item_IntoCart_Update_Delete" computerName="DESKTOP-FCRQ2KL" duration="00:01:46.0937539" startTime="2022-10-20T09:36:36.9190652-07:00" endTime="2022-10-20T09:38:23.0132522-07:00" testType="13cdc9d9-ddb5-4fa4-a97d-d965ccfc6d4b" outcome="Passed" testListId="8c84fa94-04c1-424b-9868-57a2d4851a1d" relativeResultsDirectory="be27b76b-9b86-449d-bf06-18a536471cb5">
      <Output>
        <StdOut>Add_Item_IntoCart_Update_Delete</StdOut>
      </Output>
    </UnitTestResult>
    <UnitTestResult executionId="c28a8b13-ea38-4b65-8b57-d9623ee6c255" testId="52a04911-ea10-4823-ae16-2831e7a3bbe8" testName="PlaceOrder_Register_While_Add_Item_Ito_Wishlist (Data Row 0)" computerName="DESKTOP-FCRQ2KL" duration="00:02:25.1798965" startTime="2022-10-20T09:24:39.4895753-07:00" endTime="2022-10-20T09:27:04.6982776-07:00" testType="13cdc9d9-ddb5-4fa4-a97d-d965ccfc6d4b" outcome="Passed" testListId="8c84fa94-04c1-424b-9868-57a2d4851a1d" relativeResultsDirectory="c28a8b13-ea38-4b65-8b57-d9623ee6c255">
      <Output>
        <StdOut>PlaceOrder_Register_While_Add_Item_Ito_Wishlist</StdOut>
      </Output>
    </UnitTestResult>
    <UnitTestResult executionId="87163f67-f020-49d4-b86d-0786f5ab3535" testId="ddbc229a-79f8-4811-ad66-5a2d93a5ee1a" testName="verify_search_with_ValidData_and_Select_Items_From_Suggestion (Data Row 0)" computerName="DESKTOP-FCRQ2KL" duration="00:03:06.8072926" startTime="2022-10-20T09:16:05.1128457-07:00" endTime="2022-10-20T09:19:11.9222512-07:00" testType="13cdc9d9-ddb5-4fa4-a97d-d965ccfc6d4b" outcome="Failed" testListId="8c84fa94-04c1-424b-9868-57a2d4851a1d" relativeResultsDirectory="87163f67-f020-49d4-b86d-0786f5ab3535">
      <Output>
        <StdOut>verify_search_with_ValidData_and_Select_Items_From_Suggestion</StdOut>
        <ErrorInfo>
          <Message>Assert.AreEqual failed. Expected:&lt;&#xD;
Hero Hoodie &gt;. Actual:&lt;Hero Hoodie&gt;. </Message>
          <StackTrace>   at SQABootCampFinalProject.PageObjectModel.BaseClass.CommonMethodClass.GetElementText_And_Verify_Visibilit(String elementtext, By path) in C:\Users\raees\source\repos\SQABootCampFinalProject\PageObjectModel\BaseClass\BaseClass.cs:line 363&#xD;
   at SQABOOTCAUMP01_FINAL_PROJECT_Umar_Khursheed_.SearchClass.Verify_Search_Product_Hero_Hoodie_Showing() in C:\Users\raees\source\repos\SQABootCampFinalProject\PageObjectModel\SearchPage\SearchClass.cs:line 42&#xD;
   at SQABOOTCAUMP01_FINAL_PROJECT_Umar_Khursheed_.SearchClass.Suggestion_Items(String text1, String text2, String text3) in C:\Users\raees\source\repos\SQABootCampFinalProject\PageObjectModel\SearchPage\SearchClass.cs:line 104&#xD;
   at SQABOOTCAUMP01_FINAL_PROJECT_Umar_Khursheed_.SearchClassTestCase.verify_search_with_ValidData_and_Select_Items_From_Suggestion() in C:\Users\raees\source\repos\SQABootCampFinalProject\PageObjectModel\SearchPage\SearchClassTestCase.cs:line 32&#xD;
</StackTrace>
        </ErrorInfo>
      </Output>
    </UnitTestResult>
    <UnitTestResult executionId="efece163-0e25-4205-90b3-3c158229bb61" testId="fc16604d-018b-4e35-9a58-2d49d18700db" testName="Subscription_With_Valid_Email_Homepage (Data Row 0)" computerName="DESKTOP-FCRQ2KL" duration="00:00:23.9647340" startTime="2022-10-20T09:28:19.0768080-07:00" endTime="2022-10-20T09:28:43.0428522-07:00" testType="13cdc9d9-ddb5-4fa4-a97d-d965ccfc6d4b" outcome="Passed" testListId="8c84fa94-04c1-424b-9868-57a2d4851a1d" relativeResultsDirectory="efece163-0e25-4205-90b3-3c158229bb61">
      <Output>
        <StdOut>Subscription_With_Valid_Email_Homepage</StdOut>
      </Output>
    </UnitTestResult>
    <UnitTestResult executionId="e34cf0c2-c8a0-4bb4-9716-47983d39cda4" testId="a6bbe3d1-7b13-40bf-8b69-93314afe19cf" testName="AddTocart_Without_Quantity" computerName="DESKTOP-FCRQ2KL" duration="00:01:11.5915450" startTime="2022-10-20T09:49:06.6898556-07:00" endTime="2022-10-20T09:50:18.2820722-07:00" testType="13cdc9d9-ddb5-4fa4-a97d-d965ccfc6d4b" outcome="Passed" testListId="8c84fa94-04c1-424b-9868-57a2d4851a1d" relativeResultsDirectory="e34cf0c2-c8a0-4bb4-9716-47983d39cda4">
      <Output>
        <StdOut>AddTocart_Without_Quantity</StdOut>
      </Output>
    </UnitTestResult>
    <UnitTestResult executionId="356a80b5-0832-47f7-89a6-defce7ae0254" testId="523c2a19-97d4-481a-a4d6-7cc78e61a057" testName="Verify_LogOut_Functionality (Data Row 0)" computerName="DESKTOP-FCRQ2KL" duration="00:01:24.4195700" startTime="2022-10-20T09:33:29.6118562-07:00" endTime="2022-10-20T09:35:02.2519304-07:00" testType="13cdc9d9-ddb5-4fa4-a97d-d965ccfc6d4b" outcome="Passed" testListId="8c84fa94-04c1-424b-9868-57a2d4851a1d" relativeResultsDirectory="356a80b5-0832-47f7-89a6-defce7ae0254">
      <Output>
        <StdOut>Verify_LogOut_Functionality</StdOut>
      </Output>
    </UnitTestResult>
    <UnitTestResult executionId="dbfda8d1-0363-4a23-aec6-8b18c9b0b3fe" testId="a19bf3bd-42c4-4b2d-8b0c-ef069ac7ab18" testName="PlaceOrder_Register_Before_Checkout (Data Row 0)" computerName="DESKTOP-FCRQ2KL" duration="00:01:14.3756949" startTime="2022-10-20T09:27:04.6982776-07:00" endTime="2022-10-20T09:28:19.0768080-07:00" testType="13cdc9d9-ddb5-4fa4-a97d-d965ccfc6d4b" outcome="Failed" testListId="8c84fa94-04c1-424b-9868-57a2d4851a1d" relativeResultsDirectory="dbfda8d1-0363-4a23-aec6-8b18c9b0b3fe">
      <Output>
        <StdOut>PlaceOrder_Register_Before_Checkout</StdOut>
        <ErrorInfo>
          <Message>Test method SQABOOTCAUMP01_FINAL_PROJECT_Umar_Khursheed_.NewFolder1.PlaceOrderTestCase.PlaceOrder_Register_Before_Checkout threw exception: &#xD;
OpenQA.Selenium.ElementNotInteractableException: Element &lt;select id="AJQ3IC1" class="select" name="country_id"&gt; could not be scrolled into view</Message>
          <StackTrace>    at OpenQA.Selenium.WebDriver.UnpackAndThrowOnError(Response errorResponse, String commandToExecute)&#xD;
   at OpenQA.Selenium.WebDriver.Execute(String driverCommandToExecute, Dictionary`2 parameters)&#xD;
   at OpenQA.Selenium.WebDriver.InternalExecute(String driverCommandToExecute, Dictionary`2 parameters)&#xD;
   at OpenQA.Selenium.WebElement.Execute(String commandToExecute, Dictionary`2 parameters)&#xD;
   at OpenQA.Selenium.WebElement.Click()&#xD;
   at SQABootCampFinalProject.PageObjectModel.BaseClass.CommonMethodClass.MultipleItems_From_Drop_Down(By path) in C:\Users\raees\source\repos\SQABootCampFinalProject\PageObjectModel\BaseClass\BaseClass.cs:line 191&#xD;
   at SQABOOTCAUMP01_FINAL_PROJECT_Umar_Khursheed_.PageObjectModel.Home.ShoppingCart.Select_Drop_Down() in C:\Users\raees\source\repos\SQABootCampFinalProject\PageObjectModel\PlaceOrder\ShoppingCart.cs:line 48&#xD;
   at SQABOOTCAUMP01_FINAL_PROJECT_Umar_Khursheed_.PageObjectModel.Home.ShoppingCart.Shopping_Cart_Stark_Fundamental_Hoodie() in C:\Users\raees\source\repos\SQABootCampFinalProject\PageObjectModel\PlaceOrder\ShoppingCart.cs:line 98&#xD;
   at SQABOOTCAUMP01_FINAL_PROJECT_Umar_Khursheed_.PageObjectModel.Home.CommonClass.PlaceOrder3(String fname, String lname, String email, String pass, String confirmpass) in C:\Users\raees\source\repos\SQABootCampFinalProject\PageObjectModel\PlaceOrder\CommonClass.cs:line 51&#xD;
   at SQABOOTCAUMP01_FINAL_PROJECT_Umar_Khursheed_.NewFolder1.PlaceOrderTestCase.PlaceOrder_Register_Before_Checkout() in C:\Users\raees\source\repos\SQABootCampFinalProject\PageObjectModel\PlaceOrder\PlaceOrderTestCase.cs:line 74&#xD;
</StackTrace>
        </ErrorInfo>
      </Output>
    </UnitTestResult>
    <UnitTestResult executionId="056e7138-dc48-483b-a248-23b71b388e2c" testId="974995e2-36d3-49ce-bd5b-06450294b341" testName="Verfy_Contact_Us_Form_By_Empty_All_MandatoryFields (Data Row 0)" computerName="DESKTOP-FCRQ2KL" duration="00:00:24.9213100" startTime="2022-10-20T09:36:11.9931012-07:00" endTime="2022-10-20T09:36:36.9180588-07:00" testType="13cdc9d9-ddb5-4fa4-a97d-d965ccfc6d4b" outcome="Failed" testListId="8c84fa94-04c1-424b-9868-57a2d4851a1d" relativeResultsDirectory="056e7138-dc48-483b-a248-23b71b388e2c">
      <Output>
        <StdOut>Verfy_Contact_Us_Form_By_Empty_All_MandatoryFields</StdOut>
        <ErrorInfo>
          <Message>Test method SQABootCampFinalProject.PageObjectModel.ContactUs.ContactUsTestCase.Verfy_Contact_Us_Form_By_Empty_All_MandatoryFields threw exception: &#xD;
OpenQA.Selenium.InvalidSelectorException: Given css selector expression "frame#222202192597454,iframe#222202192597454" is invalid: SyntaxError: Document.querySelectorAll: 'frame#222202192597454,iframe#222202192597454' is not a valid selector</Message>
          <StackTrace>    at OpenQA.Selenium.WebDriver.UnpackAndThrowOnError(Response errorResponse, String commandToExecute)&#xD;
   at OpenQA.Selenium.WebDriver.Execute(String driverCommandToExecute, Dictionary`2 parameters)&#xD;
   at OpenQA.Selenium.WebDriver.FindElements(String mechanism, String value)&#xD;
   at OpenQA.Selenium.By.&lt;.ctor&gt;b__11_1(ISearchContext context)&#xD;
   at OpenQA.Selenium.By.FindElements(ISearchContext context)&#xD;
   at OpenQA.Selenium.WebDriver.FindElements(By by)&#xD;
   at OpenQA.Selenium.TargetLocator.Frame(String frameName)&#xD;
   at SQABootCampFinalProject.PageObjectModel.ContactUs.ContactUsClass.Contact_Us(String Name, String Email, String Contactno, String Message) in C:\Users\raees\source\repos\SQABootCampFinalProject\PageObjectModel\ContactUs\ContactUsClass.cs:line 35&#xD;
   at SQABootCampFinalProject.PageObjectModel.ContactUs.ContactUsTestCase.Verfy_Contact_Us_Form_By_Empty_All_MandatoryFields() in C:\Users\raees\source\repos\SQABootCampFinalProject\PageObjectModel\ContactUs\ContactUsTestCase.cs:line 46&#xD;
</StackTrace>
        </ErrorInfo>
      </Output>
    </UnitTestResult>
    <UnitTestResult executionId="0fd21f95-d48a-46fb-ac9e-dbe11bfc400a" testId="4672fb00-bc72-4b05-9c73-932780f21fe4" testName="Addtocart_Without_Size_color_and_Quantity" computerName="DESKTOP-FCRQ2KL" duration="00:04:18.6362325" startTime="2022-10-20T09:44:11.6816573-07:00" endTime="2022-10-20T09:48:30.3188802-07:00" testType="13cdc9d9-ddb5-4fa4-a97d-d965ccfc6d4b" outcome="Failed" testListId="8c84fa94-04c1-424b-9868-57a2d4851a1d" relativeResultsDirectory="0fd21f95-d48a-46fb-ac9e-dbe11bfc400a">
      <Output>
        <StdOut>Addtocart_Without_Size_color_and_Quantity</StdOut>
        <ErrorInfo>
          <Message>Test method SQABootCampFinalProject.PageObjectModel.AddToCart.AddToCartTestCases.Addtocart_Without_Size_color_and_Quantity threw exception: &#xD;
OpenQA.Selenium.WebDriverTimeoutException: Timed out after 60 seconds ---&gt; OpenQA.Selenium.NoSuchElementException: no such element: Unable to locate element: {"method":"css selector","selector":"#super_attribute\[143\]\-error"}
  (Session info: chrome=106.0.5249.119)</Message>
          <StackTrace>    at OpenQA.Selenium.WebDriver.UnpackAndThrowOnError(Response errorResponse, String commandToExecute)&#xD;
   at OpenQA.Selenium.WebDriver.Execute(String driverCommandToExecute, Dictionary`2 parameters)&#xD;
   at OpenQA.Selenium.WebDriver.FindElement(String mechanism, String value)&#xD;
   at OpenQA.Selenium.By.&lt;.ctor&gt;b__11_0(ISearchContext context)&#xD;
   at OpenQA.Selenium.By.FindElement(ISearchContext context)&#xD;
   at OpenQA.Selenium.WebDriver.FindElement(By by)&#xD;
   at SQABootCampFinalProject.PageObjectModel.BaseClass.CommonMethodClass.IsElementVisible(By by) in C:\Users\raees\source\repos\SQABootCampFinalProject\PageObjectModel\BaseClass\BaseClass.cs:line 451&#xD;
   at SQABootCampFinalProject.PageObjectModel.BaseClass.CommonMethodClass.&lt;&gt;c__DisplayClass53_0.&lt;WaitforElement&gt;b__0(IWebDriver driver) in C:\Users\raees\source\repos\SQABootCampFinalProject\PageObjectModel\BaseClass\BaseClass.cs:line 489&#xD;
   at OpenQA.Selenium.Support.UI.DefaultWait`1.Until[TResult](Func`2 condition, CancellationToken token)&#xD;
--- End of inner exception stack trace ---&#xD;
    at OpenQA.Selenium.Support.UI.DefaultWait`1.ThrowTimeoutException(String exceptionMessage, Exception lastException)&#xD;
   at OpenQA.Selenium.Support.UI.DefaultWait`1.Until[TResult](Func`2 condition, CancellationToken token)&#xD;
   at OpenQA.Selenium.Support.UI.DefaultWait`1.Until[TResult](Func`2 condition)&#xD;
   at SQABootCampFinalProject.PageObjectModel.BaseClass.CommonMethodClass.WaitforElement(By by, Int32 timeToReadyElement) in C:\Users\raees\source\repos\SQABootCampFinalProject\PageObjectModel\BaseClass\BaseClass.cs:line 489&#xD;
   at SQABootCampFinalProject.PageObjectModel.BaseClass.CommonMethodClass.GetElementText_And_Verify_Visibilit(String elementtext, By path) in C:\Users\raees\source\repos\SQABootCampFinalProject\PageObjectModel\BaseClass\BaseClass.cs:line 362&#xD;
   at SQABootCampFinalProject.PageObjectModel.AddToCart.AddPhoebeZipperIntoCart.Verify_Size_Error_Message_Showing() in C:\Users\raees\source\repos\SQABootCampFinalProject\PageObjectModel\AddToCart\AddPhoebeZipperItemIntoCart.cs:line 52&#xD;
   at SQABootCampFinalProject.PageObjectModel.AddToCart.AddPhoebeZipperIntoCart.AddToCart_phoebe_WithoutSizeColorAndQuantity() in C:\Users\raees\source\repos\SQABootCampFinalProject\PageObjectModel\AddToCart\AddPhoebeZipperItemIntoCart.cs:line 152&#xD;
   at SQABOOTCAUMP01_FINAL_PROJECT_Umar_Khursheed_.PageObjectModel.Home.CommonClass.Add_Without_SizeColorquantity() in C:\Users\raees\source\repos\SQABootCampFinalProject\PageObjectModel\PlaceOrder\CommonClass.cs:line 78&#xD;
   at SQABootCampFinalProject.PageObjectModel.AddToCart.AddToCartTestCases.Addtocart_Without_Size_color_and_Quantity() in C:\Users\raees\source\repos\SQABootCampFinalProject\PageObjectModel\AddToCart\AddToCartTestCases.cs:line 66&#xD;
</StackTrace>
        </ErrorInfo>
      </Output>
    </UnitTestResult>
    <UnitTestResult executionId="841e4b07-7209-4fe6-9581-ec5b54ccf84b" testId="6231b1eb-9a60-4541-a3c3-5179ce90ee62" testName="AddItems_into_Cart_With_InValid_Boundries" computerName="DESKTOP-FCRQ2KL" duration="00:00:17.3797634" startTime="2022-10-20T09:43:54.2993463-07:00" endTime="2022-10-20T09:44:11.6816573-07:00" testType="13cdc9d9-ddb5-4fa4-a97d-d965ccfc6d4b" outcome="Failed" testListId="8c84fa94-04c1-424b-9868-57a2d4851a1d" relativeResultsDirectory="841e4b07-7209-4fe6-9581-ec5b54ccf84b">
      <Output>
        <StdOut>AddItems_into_Cart_With_InValid_Boundries</StdOut>
        <ErrorInfo>
          <Message>Test method SQABootCampFinalProject.PageObjectModel.AddToCart.AddToCartTestCases.AddItems_into_Cart_With_InValid_Boundries threw exception: &#xD;
System.InvalidOperationException: Error: NS_ERROR_UNKNOWN_HOST (SessionNotCreated)</Message>
          <StackTrace>    at OpenQA.Selenium.WebDriver.UnpackAndThrowOnError(Response errorResponse, String commandToExecute)&#xD;
   at OpenQA.Selenium.WebDriver.Execute(String driverCommandToExecute, Dictionary`2 parameters)&#xD;
   at OpenQA.Selenium.WebDriver.StartSession(ICapabilities desiredCapabilities)&#xD;
   at OpenQA.Selenium.WebDriver..ctor(ICommandExecutor executor, ICapabilities capabilities)&#xD;
   at OpenQA.Selenium.Firefox.FirefoxDriver..ctor(FirefoxDriverService service, FirefoxOptions options, TimeSpan commandTimeout)&#xD;
   at OpenQA.Selenium.Firefox.FirefoxDriver..ctor(FirefoxOptions options)&#xD;
   at SQABootCampFinalProject.PageObjectModel.BaseClass.CommonMethodClass.SetUpApplication(String Browser) in C:\Users\raees\source\repos\SQABootCampFinalProject\PageObjectModel\BaseClass\BaseClass.cs:line 101&#xD;
   at SQABootCampFinalProject.PageObjectModel.AddToCart.AddToCartTestCases.AddItems_into_Cart_With_InValid_Boundries() in C:\Users\raees\source\repos\SQABootCampFinalProject\PageObjectModel\AddToCart\AddToCartTestCases.cs:line 47&#xD;
</StackTrace>
        </ErrorInfo>
      </Output>
    </UnitTestResult>
    <UnitTestResult executionId="ecb1f095-1f77-47e9-8942-71a0c8fa5a97" testId="8840fc83-7d84-4148-8d47-73d225f45309" testName="Verify_Click_Sign_Up_button_WithOut_Enter_AnyData" computerName="DESKTOP-FCRQ2KL" duration="00:00:35.1513387" startTime="2022-10-20T09:15:29.9604529-07:00" endTime="2022-10-20T09:16:05.1118503-07:00" testType="13cdc9d9-ddb5-4fa4-a97d-d965ccfc6d4b" outcome="Passed" testListId="8c84fa94-04c1-424b-9868-57a2d4851a1d" relativeResultsDirectory="ecb1f095-1f77-47e9-8942-71a0c8fa5a97">
      <Output>
        <StdOut>Verify_Click_Sign_Up_button_WithOut_Enter_AnyData</StdOut>
      </Output>
    </UnitTestResult>
    <UnitTestResult executionId="628daafe-47ae-4478-988e-dc739e605038" testId="1ddafa9a-f004-4503-b72b-fb1f78b88d28" testName="LoginWithInvalidCredentials (Data Row 0)" computerName="DESKTOP-FCRQ2KL" duration="00:00:40.6741686" startTime="2022-10-20T09:32:48.9352451-07:00" endTime="2022-10-20T09:33:29.6118562-07:00" testType="13cdc9d9-ddb5-4fa4-a97d-d965ccfc6d4b" outcome="Failed" testListId="8c84fa94-04c1-424b-9868-57a2d4851a1d" relativeResultsDirectory="628daafe-47ae-4478-988e-dc739e605038">
      <Output>
        <StdOut>LoginWithInvalidCredentials</StdOut>
        <ErrorInfo>
          <Message>Assert.AreEqual failed. Expected:&lt;Incorrect CAPTCHA&gt;. Actual:&lt;The account sign-in was incorrect or your account is disabled temporarily. Please wait and try again later.&gt;. </Message>
          <StackTrace>   at SQABootCampFinalProject.PageObjectModel.BaseClass.CommonMethodClass.GetElementText_And_Verify_Visibilit(String elementtext, By path) in C:\Users\raees\source\repos\SQABootCampFinalProject\PageObjectModel\BaseClass\BaseClass.cs:line 363&#xD;
   at SQABootCampFinalProject.PageObjectModel.LogInPage.LogIn.Verify_Error_Message_Showing_With_Invalid_credentials() in C:\Users\raees\source\repos\SQABootCampFinalProject\PageObjectModel\LogInPage\LogInPage.cs:line 90&#xD;
   at SQABootCampFinalProject.PageObjectModel.LogInPage.LogIn.LogIn_Invalid(String username, String password) in C:\Users\raees\source\repos\SQABootCampFinalProject\PageObjectModel\LogInPage\LogInPage.cs:line 118&#xD;
   at SQABootCampFinalProject.PageObjectModel.LogInPage.LoginPageTestCase.LoginWithInvalidCredentials() in C:\Users\raees\source\repos\SQABootCampFinalProject\PageObjectModel\LogInPage\LogInPageTestCase.cs:line 55&#xD;
</StackTrace>
        </ErrorInfo>
      </Output>
    </UnitTestResult>
    <UnitTestResult executionId="f6e832d2-f57f-4f19-be53-a4daa41e8cd7" testId="cadd23b8-2db5-4712-a1a3-edb733b6a775" testName="LoginWithValidcredentials (Data Row 0)" computerName="DESKTOP-FCRQ2KL" duration="00:00:26.1635507" startTime="2022-10-20T09:32:22.7700507-07:00" endTime="2022-10-20T09:32:48.9352451-07:00" testType="13cdc9d9-ddb5-4fa4-a97d-d965ccfc6d4b" outcome="Passed" testListId="8c84fa94-04c1-424b-9868-57a2d4851a1d" relativeResultsDirectory="f6e832d2-f57f-4f19-be53-a4daa41e8cd7">
      <Output>
        <StdOut>LoginWithValidcredentials</StdOut>
      </Output>
    </UnitTestResult>
    <UnitTestResult executionId="64d0249b-a10f-40ce-b378-1dfd7fbd315c" testId="be1cbc5f-e9d9-44a9-99ef-e258ffe10b31" testName="Subscription_With_InValid_Email_HomePage (Data Row 0)" computerName="DESKTOP-FCRQ2KL" duration="00:03:39.7245536" startTime="2022-10-20T09:28:43.0428522-07:00" endTime="2022-10-20T09:32:22.7690462-07:00" testType="13cdc9d9-ddb5-4fa4-a97d-d965ccfc6d4b" outcome="Failed" testListId="8c84fa94-04c1-424b-9868-57a2d4851a1d" relativeResultsDirectory="64d0249b-a10f-40ce-b378-1dfd7fbd315c">
      <Output>
        <StdOut>Subscription_With_InValid_Email_HomePage</StdOut>
        <ErrorInfo>
          <Message>Test method SQABOOTCAUMP01_FINAL_PROJECT_Umar_Khursheed_.PageObjectModel.SubScriptionPage.SubscriptionPageTestCase.Subscription_With_InValid_Email_HomePage threw exception: &#xD;
OpenQA.Selenium.WebDriverTimeoutException: Timed out after 60 seconds ---&gt; OpenQA.Selenium.NoSuchElementException: no such element: Unable to locate element: {"method":"xpath","selector":"/html/body/div[2]/footer/div/div[1]/div[2]/form/div[1]/div/label/div"}
  (Session info: MicrosoftEdge=106.0.1370.34)</Message>
          <StackTrace>    at OpenQA.Selenium.WebDriver.UnpackAndThrowOnError(Response errorResponse, String commandToExecute)&#xD;
   at OpenQA.Selenium.WebDriver.Execute(String driverCommandToExecute, Dictionary`2 parameters)&#xD;
   at OpenQA.Selenium.WebDriver.FindElement(String mechanism, String value)&#xD;
   at OpenQA.Selenium.By.&lt;.ctor&gt;b__11_0(ISearchContext context)&#xD;
   at OpenQA.Selenium.By.FindElement(ISearchContext context)&#xD;
   at OpenQA.Selenium.WebDriver.FindElement(By by)&#xD;
   at SQABootCampFinalProject.PageObjectModel.BaseClass.CommonMethodClass.IsElementVisible(By by) in C:\Users\raees\source\repos\SQABootCampFinalProject\PageObjectModel\BaseClass\BaseClass.cs:line 451&#xD;
   at SQABootCampFinalProject.PageObjectModel.BaseClass.CommonMethodClass.&lt;&gt;c__DisplayClass53_0.&lt;WaitforElement&gt;b__0(IWebDriver driver) in C:\Users\raees\source\repos\SQABootCampFinalProject\PageObjectModel\BaseClass\BaseClass.cs:line 489&#xD;
   at OpenQA.Selenium.Support.UI.DefaultWait`1.Until[TResult](Func`2 condition, CancellationToken token)&#xD;
--- End of inner exception stack trace ---&#xD;
    at OpenQA.Selenium.Support.UI.DefaultWait`1.ThrowTimeoutException(String exceptionMessage, Exception lastException)&#xD;
   at OpenQA.Selenium.Support.UI.DefaultWait`1.Until[TResult](Func`2 condition, CancellationToken token)&#xD;
   at OpenQA.Selenium.Support.UI.DefaultWait`1.Until[TResult](Func`2 condition)&#xD;
   at SQABootCampFinalProject.PageObjectModel.BaseClass.CommonMethodClass.WaitforElement(By by, Int32 timeToReadyElement) in C:\Users\raees\source\repos\SQABootCampFinalProject\PageObjectModel\BaseClass\BaseClass.cs:line 489&#xD;
   at SQABootCampFinalProject.PageObjectModel.BaseClass.CommonMethodClass.GetElementText_And_Verify_Visibilit(String elementtext, By path) in C:\Users\raees\source\repos\SQABootCampFinalProject\PageObjectModel\BaseClass\BaseClass.cs:line 362&#xD;
   at SQABOOTCAUMP01_FINAL_PROJECT_Umar_Khursheed_.PageObjectModel.HomePage.Subscriptionpage.Subscription2(String email) in C:\Users\raees\source\repos\SQABootCampFinalProject\PageObjectModel\SubScriptionPage\Subscriptionpage.cs:line 52&#xD;
   at SQABOOTCAUMP01_FINAL_PROJECT_Umar_Khursheed_.PageObjectModel.SubScriptionPage.SubscriptionPageTestCase.Subscription_With_InValid_Email_HomePage() in C:\Users\raees\source\repos\SQABootCampFinalProject\PageObjectModel\SubScriptionPage\SubscriptionPageTestCase.cs:line 41&#xD;
</StackTrace>
        </ErrorInfo>
      </Output>
    </UnitTestResult>
    <UnitTestResult executionId="8cb356cc-40dd-4d71-886d-f66b863ab1af" testId="f2d3a6f0-5acc-4ba8-b8b5-0d58f3526795" testName="Addtocart_With_Invalid_Quantity" computerName="DESKTOP-FCRQ2KL" duration="00:00:25.0943670" startTime="2022-10-20T09:50:18.2820722-07:00" endTime="2022-10-20T09:50:43.3773534-07:00" testType="13cdc9d9-ddb5-4fa4-a97d-d965ccfc6d4b" outcome="Failed" testListId="8c84fa94-04c1-424b-9868-57a2d4851a1d" relativeResultsDirectory="8cb356cc-40dd-4d71-886d-f66b863ab1af">
      <Output>
        <StdOut>Addtocart_With_Invalid_Quantity</StdOut>
        <ErrorInfo>
          <Message>Test method SQABootCampFinalProject.PageObjectModel.AddToCart.AddToCartTestCases.Addtocart_With_Invalid_Quantity threw exception: &#xD;
System.InvalidOperationException: Error: NS_ERROR_UNKNOWN_HOST (SessionNotCreated)</Message>
          <StackTrace>    at OpenQA.Selenium.WebDriver.UnpackAndThrowOnError(Response errorResponse, String commandToExecute)&#xD;
   at OpenQA.Selenium.WebDriver.Execute(String driverCommandToExecute, Dictionary`2 parameters)&#xD;
   at OpenQA.Selenium.WebDriver.StartSession(ICapabilities desiredCapabilities)&#xD;
   at OpenQA.Selenium.WebDriver..ctor(ICommandExecutor executor, ICapabilities capabilities)&#xD;
   at OpenQA.Selenium.Firefox.FirefoxDriver..ctor(FirefoxDriverService service, FirefoxOptions options, TimeSpan commandTimeout)&#xD;
   at OpenQA.Selenium.Firefox.FirefoxDriver..ctor(FirefoxOptions options)&#xD;
   at SQABootCampFinalProject.PageObjectModel.BaseClass.CommonMethodClass.SetUpApplication(String Browser) in C:\Users\raees\source\repos\SQABootCampFinalProject\PageObjectModel\BaseClass\BaseClass.cs:line 101&#xD;
   at SQABootCampFinalProject.PageObjectModel.AddToCart.AddToCartTestCases.Addtocart_With_Invalid_Quantity() in C:\Users\raees\source\repos\SQABootCampFinalProject\PageObjectModel\AddToCart\AddToCartTestCases.cs:line 98&#xD;
</StackTrace>
        </ErrorInfo>
      </Output>
    </UnitTestResult>
    <UnitTestResult executionId="11644089-970a-461d-a307-08047fbe61bb" testId="4069f37c-03c0-4127-8a00-7298de09eb29" testName="AddItems_into_Cart_With_Valid_Boundries" computerName="DESKTOP-FCRQ2KL" duration="00:05:31.2847233" startTime="2022-10-20T09:38:23.0132522-07:00" endTime="2022-10-20T09:43:54.2993463-07:00" testType="13cdc9d9-ddb5-4fa4-a97d-d965ccfc6d4b" outcome="Failed" testListId="8c84fa94-04c1-424b-9868-57a2d4851a1d" relativeResultsDirectory="11644089-970a-461d-a307-08047fbe61bb">
      <Output>
        <StdOut>AddItems_into_Cart_With_Valid_Boundries</StdOut>
        <ErrorInfo>
          <Message>Test method SQABootCampFinalProject.PageObjectModel.AddToCart.AddToCartTestCases.AddItems_into_Cart_With_Valid_Boundries threw exception: &#xD;
OpenQA.Selenium.WebDriverTimeoutException: Timed out after 60 seconds ---&gt; OpenQA.Selenium.NoSuchElementException: no such element: Unable to locate element: {"method":"xpath","selector":"/html/body/div[2]/main/div[1]/div[2]/div/div/div"}
  (Session info: MicrosoftEdge=106.0.1370.34)</Message>
          <StackTrace>    at OpenQA.Selenium.WebDriver.UnpackAndThrowOnError(Response errorResponse, String commandToExecute)&#xD;
   at OpenQA.Selenium.WebDriver.Execute(String driverCommandToExecute, Dictionary`2 parameters)&#xD;
   at OpenQA.Selenium.WebDriver.FindElement(String mechanism, String value)&#xD;
   at OpenQA.Selenium.By.&lt;.ctor&gt;b__11_0(ISearchContext context)&#xD;
   at OpenQA.Selenium.By.FindElement(ISearchContext context)&#xD;
   at OpenQA.Selenium.WebDriver.FindElement(By by)&#xD;
   at SQABootCampFinalProject.PageObjectModel.BaseClass.CommonMethodClass.IsElementVisible(By by) in C:\Users\raees\source\repos\SQABootCampFinalProject\PageObjectModel\BaseClass\BaseClass.cs:line 451&#xD;
   at SQABootCampFinalProject.PageObjectModel.BaseClass.CommonMethodClass.&lt;&gt;c__DisplayClass53_0.&lt;WaitforElement&gt;b__0(IWebDriver driver) in C:\Users\raees\source\repos\SQABootCampFinalProject\PageObjectModel\BaseClass\BaseClass.cs:line 489&#xD;
   at OpenQA.Selenium.Support.UI.DefaultWait`1.Until[TResult](Func`2 condition, CancellationToken token)&#xD;
--- End of inner exception stack trace ---&#xD;
    at OpenQA.Selenium.Support.UI.DefaultWait`1.ThrowTimeoutException(String exceptionMessage, Exception lastException)&#xD;
   at OpenQA.Selenium.Support.UI.DefaultWait`1.Until[TResult](Func`2 condition, CancellationToken token)&#xD;
   at OpenQA.Selenium.Support.UI.DefaultWait`1.Until[TResult](Func`2 condition)&#xD;
   at SQABootCampFinalProject.PageObjectModel.BaseClass.CommonMethodClass.WaitforElement(By by, Int32 timeToReadyElement) in C:\Users\raees\source\repos\SQABootCampFinalProject\PageObjectModel\BaseClass\BaseClass.cs:line 489&#xD;
   at SQABootCampFinalProject.PageObjectModel.BaseClass.CommonMethodClass.GetElementText_And_Verify_Visibilit(String elementtext, By path) in C:\Users\raees\source\repos\SQABootCampFinalProject\PageObjectModel\BaseClass\BaseClass.cs:line 362&#xD;
   at SQABootCampFinalProject.PageObjectModel.AddToCart.AddPhoebeZipperIntoCart.Is_visible_Phoebe_Added_IntoCart() in C:\Users\raees\source\repos\SQABootCampFinalProject\PageObjectModel\AddToCart\AddPhoebeZipperItemIntoCart.cs:line 35&#xD;
   at SQABootCampFinalProject.PageObjectModel.AddToCart.AddPhoebeZipperIntoCart.AddToCart_Phoebe_With_valid_Boundry() in C:\Users\raees\source\repos\SQABootCampFinalProject\PageObjectModel\AddToCart\AddPhoebeZipperItemIntoCart.cs:line 129&#xD;
   at SQABOOTCAUMP01_FINAL_PROJECT_Umar_Khursheed_.PageObjectModel.Home.CommonClass.Add_Valid_Boundries() in C:\Users\raees\source\repos\SQABootCampFinalProject\PageObjectModel\PlaceOrder\CommonClass.cs:line 67&#xD;
   at SQABootCampFinalProject.PageObjectModel.AddToCart.AddToCartTestCases.AddItems_into_Cart_With_Valid_Boundries() in C:\Users\raees\source\repos\SQABootCampFinalProject\PageObjectModel\AddToCart\AddToCartTestCases.cs:line 41&#xD;
</StackTrace>
        </ErrorInfo>
      </Output>
    </UnitTestResult>
    <UnitTestResult executionId="ae17e93f-22e7-4c26-86d6-6982265ede75" testId="43e6287a-b80c-4d02-a586-503c51583d6c" testName="Verify_SignUp_with_invalid_credentials (Data Row 0)" computerName="DESKTOP-FCRQ2KL" duration="00:01:05.2475467" startTime="2022-10-20T09:12:38.8998504-07:00" endTime="2022-10-20T09:13:45.1475658-07:00" testType="13cdc9d9-ddb5-4fa4-a97d-d965ccfc6d4b" outcome="Passed" testListId="8c84fa94-04c1-424b-9868-57a2d4851a1d" relativeResultsDirectory="ae17e93f-22e7-4c26-86d6-6982265ede75">
      <Output>
        <StdOut>Verify_SignUp_with_invalid_credentials</StdOut>
      </Output>
    </UnitTestResult>
  </Results>
  <TestDefinitions>
    <UnitTest name="Verify_SignUp_with_invalid_credentials (Data Row 0)" storage="c:\users\raees\source\repos\sqabootcampfinalproject\bin\debug\sqabootcampfinalproject.dll" id="43e6287a-b80c-4d02-a586-503c51583d6c">
      <Execution id="ae17e93f-22e7-4c26-86d6-6982265ede75" />
      <TestMethod codeBase="C:\Users\raees\source\repos\SQABootCampFinalProject\bin\Debug\SQABootCampFinalProject.dll" adapterTypeName="executor://mstestadapter/v2" className="SQABOOTCAUMP01_FINAL_PROJECT.SignUpClassTestCases" name="Verify_SignUp_with_invalid_credentials" />
    </UnitTest>
    <UnitTest name="Verfy_Contact_Us_Form_By_Fill_All_MandatoryFields (Data Row 0)" storage="c:\users\raees\source\repos\sqabootcampfinalproject\bin\debug\sqabootcampfinalproject.dll" id="13499c80-9e64-46cd-aada-49d5ad335434">
      <Execution id="f7251805-b147-4f94-b9ff-9e30fba5c7a7" />
      <TestMethod codeBase="C:\Users\raees\source\repos\SQABootCampFinalProject\bin\Debug\SQABootCampFinalProject.dll" adapterTypeName="executor://mstestadapter/v2" className="SQABootCampFinalProject.PageObjectModel.ContactUs.ContactUsTestCase" name="Verfy_Contact_Us_Form_By_Fill_All_MandatoryFields" />
    </UnitTest>
    <UnitTest name="PlaceOrder_Register_Before_Checkout (Data Row 0)" storage="c:\users\raees\source\repos\sqabootcampfinalproject\bin\debug\sqabootcampfinalproject.dll" id="a19bf3bd-42c4-4b2d-8b0c-ef069ac7ab18">
      <Execution id="dbfda8d1-0363-4a23-aec6-8b18c9b0b3fe" />
      <TestMethod codeBase="C:\Users\raees\source\repos\SQABootCampFinalProject\bin\Debug\SQABootCampFinalProject.dll" adapterTypeName="executor://mstestadapter/v2" className="SQABOOTCAUMP01_FINAL_PROJECT_Umar_Khursheed_.NewFolder1.PlaceOrderTestCase" name="PlaceOrder_Register_Before_Checkout" />
    </UnitTest>
    <UnitTest name="Verify_Sign_up_with_Existing_User (Data Row 0)" storage="c:\users\raees\source\repos\sqabootcampfinalproject\bin\debug\sqabootcampfinalproject.dll" id="1ec23422-ec25-46f8-b4db-b14f22a1a0d1">
      <Execution id="d1642287-e556-4343-aac1-17b8ff1490f5" />
      <TestMethod codeBase="C:\Users\raees\source\repos\SQABootCampFinalProject\bin\Debug\SQABootCampFinalProject.dll" adapterTypeName="executor://mstestadapter/v2" className="SQABOOTCAUMP01_FINAL_PROJECT.SignUpClassTestCases" name="Verify_Sign_up_with_Existing_User" />
    </UnitTest>
    <UnitTest name="AddTocart_Without_Quantity" storage="c:\users\raees\source\repos\sqabootcampfinalproject\bin\debug\sqabootcampfinalproject.dll" id="a6bbe3d1-7b13-40bf-8b69-93314afe19cf">
      <Execution id="e34cf0c2-c8a0-4bb4-9716-47983d39cda4" />
      <TestMethod codeBase="C:\Users\raees\source\repos\SQABootCampFinalProject\bin\Debug\SQABootCampFinalProject.dll" adapterTypeName="executor://mstestadapter/v2" className="SQABootCampFinalProject.PageObjectModel.AddToCart.AddToCartTestCases" name="AddTocart_Without_Quantity" />
    </UnitTest>
    <UnitTest name="Verfy_Contact_Us_Form_By_Empty_All_MandatoryFields (Data Row 0)" storage="c:\users\raees\source\repos\sqabootcampfinalproject\bin\debug\sqabootcampfinalproject.dll" id="974995e2-36d3-49ce-bd5b-06450294b341">
      <Execution id="056e7138-dc48-483b-a248-23b71b388e2c" />
      <TestMethod codeBase="C:\Users\raees\source\repos\SQABootCampFinalProject\bin\Debug\SQABootCampFinalProject.dll" adapterTypeName="executor://mstestadapter/v2" className="SQABootCampFinalProject.PageObjectModel.ContactUs.ContactUsTestCase" name="Verfy_Contact_Us_Form_By_Empty_All_MandatoryFields" />
    </UnitTest>
    <UnitTest name="Verify_LogOut_Functionality (Data Row 0)" storage="c:\users\raees\source\repos\sqabootcampfinalproject\bin\debug\sqabootcampfinalproject.dll" id="523c2a19-97d4-481a-a4d6-7cc78e61a057">
      <TestCategory>
        <TestCategoryItem TestCategory="LogIn" />
      </TestCategory>
      <Execution id="356a80b5-0832-47f7-89a6-defce7ae0254" />
      <TestMethod codeBase="C:\Users\raees\source\repos\SQABootCampFinalProject\bin\Debug\SQABootCampFinalProject.dll" adapterTypeName="executor://mstestadapter/v2" className="SQABootCampFinalProject.PageObjectModel.LogInPage.LoginPageTestCase" name="Verify_LogOut_Functionality" />
    </UnitTest>
    <UnitTest name="verify_search_with_ValidData_and_Select_Items_From_Suggestion (Data Row 0)" storage="c:\users\raees\source\repos\sqabootcampfinalproject\bin\debug\sqabootcampfinalproject.dll" id="ddbc229a-79f8-4811-ad66-5a2d93a5ee1a">
      <TestCategory>
        <TestCategoryItem TestCategory="SearchClass" />
      </TestCategory>
      <Execution id="87163f67-f020-49d4-b86d-0786f5ab3535" />
      <TestMethod codeBase="C:\Users\raees\source\repos\SQABootCampFinalProject\bin\Debug\SQABootCampFinalProject.dll" adapterTypeName="executor://mstestadapter/v2" className="SQABOOTCAUMP01_FINAL_PROJECT_Umar_Khursheed_.SearchClassTestCase" name="verify_search_with_ValidData_and_Select_Items_From_Suggestion" />
    </UnitTest>
    <UnitTest name="Subscription_With_InValid_Email_HomePage (Data Row 0)" storage="c:\users\raees\source\repos\sqabootcampfinalproject\bin\debug\sqabootcampfinalproject.dll" id="be1cbc5f-e9d9-44a9-99ef-e258ffe10b31">
      <TestCategory>
        <TestCategoryItem TestCategory="Subscription" />
      </TestCategory>
      <Execution id="64d0249b-a10f-40ce-b378-1dfd7fbd315c" />
      <TestMethod codeBase="C:\Users\raees\source\repos\SQABootCampFinalProject\bin\Debug\SQABootCampFinalProject.dll" adapterTypeName="executor://mstestadapter/v2" className="SQABOOTCAUMP01_FINAL_PROJECT_Umar_Khursheed_.PageObjectModel.SubScriptionPage.SubscriptionPageTestCase" name="Subscription_With_InValid_Email_HomePage" />
    </UnitTest>
    <UnitTest name="Search_Products_By_Invalid_Data (Data Row 0)" storage="c:\users\raees\source\repos\sqabootcampfinalproject\bin\debug\sqabootcampfinalproject.dll" id="32ce287b-eb99-46a2-8294-454dcc7db799">
      <TestCategory>
        <TestCategoryItem TestCategory="SearchClass" />
      </TestCategory>
      <Execution id="a5ee1149-21e4-4b07-b39f-25e7924d963b" />
      <TestMethod codeBase="C:\Users\raees\source\repos\SQABootCampFinalProject\bin\Debug\SQABootCampFinalProject.dll" adapterTypeName="executor://mstestadapter/v2" className="SQABOOTCAUMP01_FINAL_PROJECT_Umar_Khursheed_.SearchClassTestCase" name="Search_Products_By_Invalid_Data" />
    </UnitTest>
    <UnitTest name="Subscription_With_Valid_Email_Homepage (Data Row 0)" storage="c:\users\raees\source\repos\sqabootcampfinalproject\bin\debug\sqabootcampfinalproject.dll" id="fc16604d-018b-4e35-9a58-2d49d18700db">
      <TestCategory>
        <TestCategoryItem TestCategory="Subscription" />
      </TestCategory>
      <Execution id="efece163-0e25-4205-90b3-3c158229bb61" />
      <TestMethod codeBase="C:\Users\raees\source\repos\SQABootCampFinalProject\bin\Debug\SQABootCampFinalProject.dll" adapterTypeName="executor://mstestadapter/v2" className="SQABOOTCAUMP01_FINAL_PROJECT_Umar_Khursheed_.PageObjectModel.SubScriptionPage.SubscriptionPageTestCase" name="Subscription_With_Valid_Email_Homepage" />
    </UnitTest>
    <UnitTest name="Add_Item_IntoCart_Update_Delete" storage="c:\users\raees\source\repos\sqabootcampfinalproject\bin\debug\sqabootcampfinalproject.dll" id="c4543f3f-5a2e-4fb9-ab7a-04a808fef8ad">
      <Execution id="be27b76b-9b86-449d-bf06-18a536471cb5" />
      <TestMethod codeBase="C:\Users\raees\source\repos\SQABootCampFinalProject\bin\Debug\SQABootCampFinalProject.dll" adapterTypeName="executor://mstestadapter/v2" className="SQABootCampFinalProject.PageObjectModel.AddToCart.AddToCartTestCases" name="Add_Item_IntoCart_Update_Delete" />
    </UnitTest>
    <UnitTest name="AddTocart_Without_color_and_Quantity" storage="c:\users\raees\source\repos\sqabootcampfinalproject\bin\debug\sqabootcampfinalproject.dll" id="76fbf08e-6ccc-472c-80c5-3f4dfd6e3094">
      <Execution id="16053fee-0922-4af6-99ca-22f9bf15f470" />
      <TestMethod codeBase="C:\Users\raees\source\repos\SQABootCampFinalProject\bin\Debug\SQABootCampFinalProject.dll" adapterTypeName="executor://mstestadapter/v2" className="SQABootCampFinalProject.PageObjectModel.AddToCart.AddToCartTestCases" name="AddTocart_Without_color_and_Quantity" />
    </UnitTest>
    <UnitTest name="Verify_Sign_up_new_user_with_valid_Credentials (Data Row 0)" storage="c:\users\raees\source\repos\sqabootcampfinalproject\bin\debug\sqabootcampfinalproject.dll" id="3de88f45-ca4d-4a78-b915-632c8388a965">
      <Execution id="82e7b985-ef3c-4fc2-bc7f-713f58921b77" />
      <TestMethod codeBase="C:\Users\raees\source\repos\SQABootCampFinalProject\bin\Debug\SQABootCampFinalProject.dll" adapterTypeName="executor://mstestadapter/v2" className="SQABOOTCAUMP01_FINAL_PROJECT.SignUpClassTestCases" name="Verify_Sign_up_new_user_with_valid_Credentials" />
    </UnitTest>
    <UnitTest name="LoginWithInvalidCredentials (Data Row 0)" storage="c:\users\raees\source\repos\sqabootcampfinalproject\bin\debug\sqabootcampfinalproject.dll" id="1ddafa9a-f004-4503-b72b-fb1f78b88d28">
      <TestCategory>
        <TestCategoryItem TestCategory="LogIn" />
      </TestCategory>
      <Execution id="628daafe-47ae-4478-988e-dc739e605038" />
      <TestMethod codeBase="C:\Users\raees\source\repos\SQABootCampFinalProject\bin\Debug\SQABootCampFinalProject.dll" adapterTypeName="executor://mstestadapter/v2" className="SQABootCampFinalProject.PageObjectModel.LogInPage.LoginPageTestCase" name="LoginWithInvalidCredentials" />
    </UnitTest>
    <UnitTest name="Verify_Click_Sign_Up_button_WithOut_Enter_AnyData" storage="c:\users\raees\source\repos\sqabootcampfinalproject\bin\debug\sqabootcampfinalproject.dll" id="8840fc83-7d84-4148-8d47-73d225f45309">
      <Execution id="ecb1f095-1f77-47e9-8942-71a0c8fa5a97" />
      <TestMethod codeBase="C:\Users\raees\source\repos\SQABootCampFinalProject\bin\Debug\SQABootCampFinalProject.dll" adapterTypeName="executor://mstestadapter/v2" className="SQABOOTCAUMP01_FINAL_PROJECT.SignUpClassTestCases" name="Verify_Click_Sign_Up_button_WithOut_Enter_AnyData" />
    </UnitTest>
    <UnitTest name="AddItems_into_Cart_With_InValid_Boundries" storage="c:\users\raees\source\repos\sqabootcampfinalproject\bin\debug\sqabootcampfinalproject.dll" id="6231b1eb-9a60-4541-a3c3-5179ce90ee62">
      <Execution id="841e4b07-7209-4fe6-9581-ec5b54ccf84b" />
      <TestMethod codeBase="C:\Users\raees\source\repos\SQABootCampFinalProject\bin\Debug\SQABootCampFinalProject.dll" adapterTypeName="executor://mstestadapter/v2" className="SQABootCampFinalProject.PageObjectModel.AddToCart.AddToCartTestCases" name="AddItems_into_Cart_With_InValid_Boundries" />
    </UnitTest>
    <UnitTest name="AddItems_into_Cart_With_Valid_Boundries" storage="c:\users\raees\source\repos\sqabootcampfinalproject\bin\debug\sqabootcampfinalproject.dll" id="4069f37c-03c0-4127-8a00-7298de09eb29">
      <Execution id="11644089-970a-461d-a307-08047fbe61bb" />
      <TestMethod codeBase="C:\Users\raees\source\repos\SQABootCampFinalProject\bin\Debug\SQABootCampFinalProject.dll" adapterTypeName="executor://mstestadapter/v2" className="SQABootCampFinalProject.PageObjectModel.AddToCart.AddToCartTestCases" name="AddItems_into_Cart_With_Valid_Boundries" />
    </UnitTest>
    <UnitTest name="Addtocart_With_Invalid_Quantity" storage="c:\users\raees\source\repos\sqabootcampfinalproject\bin\debug\sqabootcampfinalproject.dll" id="f2d3a6f0-5acc-4ba8-b8b5-0d58f3526795">
      <Execution id="8cb356cc-40dd-4d71-886d-f66b863ab1af" />
      <TestMethod codeBase="C:\Users\raees\source\repos\SQABootCampFinalProject\bin\Debug\SQABootCampFinalProject.dll" adapterTypeName="executor://mstestadapter/v2" className="SQABootCampFinalProject.PageObjectModel.AddToCart.AddToCartTestCases" name="Addtocart_With_Invalid_Quantity" />
    </UnitTest>
    <UnitTest name="Addtocart_Without_Size_color_and_Quantity" storage="c:\users\raees\source\repos\sqabootcampfinalproject\bin\debug\sqabootcampfinalproject.dll" id="4672fb00-bc72-4b05-9c73-932780f21fe4">
      <Execution id="0fd21f95-d48a-46fb-ac9e-dbe11bfc400a" />
      <TestMethod codeBase="C:\Users\raees\source\repos\SQABootCampFinalProject\bin\Debug\SQABootCampFinalProject.dll" adapterTypeName="executor://mstestadapter/v2" className="SQABootCampFinalProject.PageObjectModel.AddToCart.AddToCartTestCases" name="Addtocart_Without_Size_color_and_Quantity" />
    </UnitTest>
    <UnitTest name="LoginWithValidcredentials (Data Row 0)" storage="c:\users\raees\source\repos\sqabootcampfinalproject\bin\debug\sqabootcampfinalproject.dll" id="cadd23b8-2db5-4712-a1a3-edb733b6a775">
      <TestCategory>
        <TestCategoryItem TestCategory="LogIn" />
      </TestCategory>
      <Execution id="f6e832d2-f57f-4f19-be53-a4daa41e8cd7" />
      <TestMethod codeBase="C:\Users\raees\source\repos\SQABootCampFinalProject\bin\Debug\SQABootCampFinalProject.dll" adapterTypeName="executor://mstestadapter/v2" className="SQABootCampFinalProject.PageObjectModel.LogInPage.LoginPageTestCase" name="LoginWithValidcredentials" />
    </UnitTest>
    <UnitTest name="PlaceOrder_Register_While_Add_Item_Ito_Wishlist (Data Row 0)" storage="c:\users\raees\source\repos\sqabootcampfinalproject\bin\debug\sqabootcampfinalproject.dll" id="52a04911-ea10-4823-ae16-2831e7a3bbe8">
      <Execution id="c28a8b13-ea38-4b65-8b57-d9623ee6c255" />
      <TestMethod codeBase="C:\Users\raees\source\repos\SQABootCampFinalProject\bin\Debug\SQABootCampFinalProject.dll" adapterTypeName="executor://mstestadapter/v2" className="SQABOOTCAUMP01_FINAL_PROJECT_Umar_Khursheed_.NewFolder1.PlaceOrderTestCase" name="PlaceOrder_Register_While_Add_Item_Ito_Wishlist" />
    </UnitTest>
    <UnitTest name="PlaceOrder_SignIn_While_CheckOut" storage="c:\users\raees\source\repos\sqabootcampfinalproject\bin\debug\sqabootcampfinalproject.dll" id="4cd5da57-0dd6-4fe7-95ba-c5a19c9393b7">
      <Execution id="a9f94294-3f42-4cd5-8a16-3c2c9aa4b482" />
      <TestMethod codeBase="C:\Users\raees\source\repos\SQABootCampFinalProject\bin\Debug\SQABootCampFinalProject.dll" adapterTypeName="executor://mstestadapter/v2" className="SQABOOTCAUMP01_FINAL_PROJECT_Umar_Khursheed_.NewFolder1.PlaceOrderTestCase" name="PlaceOrder_SignIn_While_CheckOut" />
    </UnitTest>
  </TestDefinitions>
  <TestEntries>
    <TestEntry testId="32ce287b-eb99-46a2-8294-454dcc7db799" executionId="a5ee1149-21e4-4b07-b39f-25e7924d963b" testListId="8c84fa94-04c1-424b-9868-57a2d4851a1d" />
    <TestEntry testId="4cd5da57-0dd6-4fe7-95ba-c5a19c9393b7" executionId="a9f94294-3f42-4cd5-8a16-3c2c9aa4b482" testListId="8c84fa94-04c1-424b-9868-57a2d4851a1d" />
    <TestEntry testId="1ec23422-ec25-46f8-b4db-b14f22a1a0d1" executionId="d1642287-e556-4343-aac1-17b8ff1490f5" testListId="8c84fa94-04c1-424b-9868-57a2d4851a1d" />
    <TestEntry testId="76fbf08e-6ccc-472c-80c5-3f4dfd6e3094" executionId="16053fee-0922-4af6-99ca-22f9bf15f470" testListId="8c84fa94-04c1-424b-9868-57a2d4851a1d" />
    <TestEntry testId="3de88f45-ca4d-4a78-b915-632c8388a965" executionId="82e7b985-ef3c-4fc2-bc7f-713f58921b77" testListId="8c84fa94-04c1-424b-9868-57a2d4851a1d" />
    <TestEntry testId="13499c80-9e64-46cd-aada-49d5ad335434" executionId="f7251805-b147-4f94-b9ff-9e30fba5c7a7" testListId="8c84fa94-04c1-424b-9868-57a2d4851a1d" />
    <TestEntry testId="c4543f3f-5a2e-4fb9-ab7a-04a808fef8ad" executionId="be27b76b-9b86-449d-bf06-18a536471cb5" testListId="8c84fa94-04c1-424b-9868-57a2d4851a1d" />
    <TestEntry testId="52a04911-ea10-4823-ae16-2831e7a3bbe8" executionId="c28a8b13-ea38-4b65-8b57-d9623ee6c255" testListId="8c84fa94-04c1-424b-9868-57a2d4851a1d" />
    <TestEntry testId="ddbc229a-79f8-4811-ad66-5a2d93a5ee1a" executionId="87163f67-f020-49d4-b86d-0786f5ab3535" testListId="8c84fa94-04c1-424b-9868-57a2d4851a1d" />
    <TestEntry testId="fc16604d-018b-4e35-9a58-2d49d18700db" executionId="efece163-0e25-4205-90b3-3c158229bb61" testListId="8c84fa94-04c1-424b-9868-57a2d4851a1d" />
    <TestEntry testId="a6bbe3d1-7b13-40bf-8b69-93314afe19cf" executionId="e34cf0c2-c8a0-4bb4-9716-47983d39cda4" testListId="8c84fa94-04c1-424b-9868-57a2d4851a1d" />
    <TestEntry testId="523c2a19-97d4-481a-a4d6-7cc78e61a057" executionId="356a80b5-0832-47f7-89a6-defce7ae0254" testListId="8c84fa94-04c1-424b-9868-57a2d4851a1d" />
    <TestEntry testId="a19bf3bd-42c4-4b2d-8b0c-ef069ac7ab18" executionId="dbfda8d1-0363-4a23-aec6-8b18c9b0b3fe" testListId="8c84fa94-04c1-424b-9868-57a2d4851a1d" />
    <TestEntry testId="974995e2-36d3-49ce-bd5b-06450294b341" executionId="056e7138-dc48-483b-a248-23b71b388e2c" testListId="8c84fa94-04c1-424b-9868-57a2d4851a1d" />
    <TestEntry testId="4672fb00-bc72-4b05-9c73-932780f21fe4" executionId="0fd21f95-d48a-46fb-ac9e-dbe11bfc400a" testListId="8c84fa94-04c1-424b-9868-57a2d4851a1d" />
    <TestEntry testId="6231b1eb-9a60-4541-a3c3-5179ce90ee62" executionId="841e4b07-7209-4fe6-9581-ec5b54ccf84b" testListId="8c84fa94-04c1-424b-9868-57a2d4851a1d" />
    <TestEntry testId="8840fc83-7d84-4148-8d47-73d225f45309" executionId="ecb1f095-1f77-47e9-8942-71a0c8fa5a97" testListId="8c84fa94-04c1-424b-9868-57a2d4851a1d" />
    <TestEntry testId="1ddafa9a-f004-4503-b72b-fb1f78b88d28" executionId="628daafe-47ae-4478-988e-dc739e605038" testListId="8c84fa94-04c1-424b-9868-57a2d4851a1d" />
    <TestEntry testId="cadd23b8-2db5-4712-a1a3-edb733b6a775" executionId="f6e832d2-f57f-4f19-be53-a4daa41e8cd7" testListId="8c84fa94-04c1-424b-9868-57a2d4851a1d" />
    <TestEntry testId="be1cbc5f-e9d9-44a9-99ef-e258ffe10b31" executionId="64d0249b-a10f-40ce-b378-1dfd7fbd315c" testListId="8c84fa94-04c1-424b-9868-57a2d4851a1d" />
    <TestEntry testId="f2d3a6f0-5acc-4ba8-b8b5-0d58f3526795" executionId="8cb356cc-40dd-4d71-886d-f66b863ab1af" testListId="8c84fa94-04c1-424b-9868-57a2d4851a1d" />
    <TestEntry testId="4069f37c-03c0-4127-8a00-7298de09eb29" executionId="11644089-970a-461d-a307-08047fbe61bb" testListId="8c84fa94-04c1-424b-9868-57a2d4851a1d" />
    <TestEntry testId="43e6287a-b80c-4d02-a586-503c51583d6c" executionId="ae17e93f-22e7-4c26-86d6-6982265ede75" testListId="8c84fa94-04c1-424b-9868-57a2d4851a1d" />
  </TestEntries>
  <TestLists>
    <TestList name="Results Not in a List" id="8c84fa94-04c1-424b-9868-57a2d4851a1d" />
    <TestList name="All Loaded Results" id="19431567-8539-422a-85d7-44ee4e166bda" />
  </TestLists>
  <ResultSummary outcome="Failed">
    <Counters total="23" executed="23" passed="13" failed="10" error="0" timeout="0" aborted="0" inconclusive="0" passedButRunAborted="0" notRunnable="0" notExecuted="0" disconnected="0" warning="0" completed="0" inProgress="0" pending="0" />
  </ResultSummary>
</TestRun>