<?xml version="1.0" encoding="utf-8"?>
<TestRun id="31fb506e-9844-43ec-8e8a-3a368bdb9352" name="raees@DESKTOP-FCRQ2KL 2022-10-17 07:04:02" runUser="DESKTOP-FCRQ2KL\raees" xmlns="http://microsoft.com/schemas/VisualStudio/TeamTest/2010">
  <Times creation="2022-10-17T07:04:02.0800510-07:00" queuing="2022-10-17T07:04:02.0800510-07:00" start="2022-10-17T07:03:18.3815009-07:00" finish="2022-10-17T07:20:29.0519936-07:00" />
  <TestSettings name="default" id="93a2fd2e-3a16-436a-8b90-38a4ad8de1b1">
    <Deployment runDeploymentRoot="raees_DESKTOP-FCRQ2KL_2022-10-17_07_04_02" />
  </TestSettings>
  <Results>
    <UnitTestResult executionId="846898ad-8241-4a1f-b9b2-a0a9c15c23d8" testId="30b7b748-45cd-45f3-8dd7-18d5453afd60" testName="LoginWithInvalidCredentials (Data Row 0)" computerName="DESKTOP-FCRQ2KL" duration="00:00:11.0780224" startTime="2022-10-17T07:18:39.5177324-07:00" endTime="2022-10-17T07:18:50.5909274-07:00" testType="13cdc9d9-ddb5-4fa4-a97d-d965ccfc6d4b" outcome="Failed" testListId="8c84fa94-04c1-424b-9868-57a2d4851a1d" relativeResultsDirectory="846898ad-8241-4a1f-b9b2-a0a9c15c23d8">
      <Output>
        <StdOut>LoginWithInvalidCredentials</StdOut>
        <ErrorInfo>
          <Message>Test method SQABootCampFinalProject.PageObjectModel.LogInPage.LoginPageTestCase.LoginWithInvalidCredentials threw exception: &#xD;
OpenQA.Selenium.WebDriverException: unknown error: net::ERR_INTERNET_DISCONNECTED
  (Session info: chrome=106.0.5249.119)</Message>
          <StackTrace>    at OpenQA.Selenium.WebDriver.UnpackAndThrowOnError(Response errorResponse, String commandToExecute)&#xD;
   at OpenQA.Selenium.WebDriver.Execute(String driverCommandToExecute, Dictionary`2 parameters)&#xD;
   at OpenQA.Selenium.WebDriver.set_Url(String value)&#xD;
   at SQABootCampFinalProject.PageObjectModel.BaseClass.CommonMethodClass.SetUpApplication() in C:\Users\raees\source\repos\SQABootCampFinalProject\PageObjectModel\BaseClass\BaseClass.cs:line 72&#xD;
   at SQABootCampFinalProject.PageObjectModel.LogInPage.LoginPageTestCase.LoginWithInvalidCredentials() in C:\Users\raees\source\repos\SQABootCampFinalProject\PageObjectModel\LogInPage\LogInPageTestCase.cs:line 48&#xD;
</StackTrace>
        </ErrorInfo>
      </Output>
    </UnitTestResult>
    <UnitTestResult executionId="65401837-9196-4619-8d94-9e9f56085f93" testId="f2af65d4-2ecb-415b-9fb0-1f57f34c2ae7" testName="PlaceOrder_Register_Before_Checkout (Data Row 0)" computerName="DESKTOP-FCRQ2KL" duration="00:01:23.1001847" startTime="2022-10-17T07:14:56.2462845-07:00" endTime="2022-10-17T07:16:19.3513315-07:00" testType="13cdc9d9-ddb5-4fa4-a97d-d965ccfc6d4b" outcome="Failed" testListId="8c84fa94-04c1-424b-9868-57a2d4851a1d" relativeResultsDirectory="65401837-9196-4619-8d94-9e9f56085f93">
      <Output>
        <StdOut>PlaceOrder_Register_Before_Checkout</StdOut>
        <ErrorInfo>
          <Message>Test method SQABOOTCAUMP01_FINAL_PROJECT_Umar_Khursheed_.NewFolder1.PlaceOrderTestCase.PlaceOrder_Register_Before_Checkout threw exception: &#xD;
OpenQA.Selenium.WebDriverException: The HTTP request to the remote WebDriver server for URL http://localhost:52689/session/8fbd21e9af8f036638221f750b7a3048/url timed out after 60 seconds. ---&gt; System.Threading.Tasks.TaskCanceledException: A task was canceled.</Message>
          <StackTrace>    at System.Runtime.CompilerServices.TaskAwaiter.ThrowForNonSuccess(Task task)&#xD;
   at System.Runtime.CompilerServices.TaskAwaiter.HandleNonSuccessAndDebuggerNotification(Task task)&#xD;
   at System.Runtime.CompilerServices.TaskAwaiter`1.GetResult()&#xD;
   at OpenQA.Selenium.Remote.HttpCommandExecutor.&lt;MakeHttpRequest&gt;d__35.MoveNext()&#xD;
--- End of stack trace from previous location where exception was thrown ---&#xD;
   at System.Runtime.ExceptionServices.ExceptionDispatchInfo.Throw()&#xD;
   at System.Runtime.CompilerServices.TaskAwaiter.ThrowForNonSuccess(Task task)&#xD;
   at System.Runtime.CompilerServices.TaskAwaiter.HandleNonSuccessAndDebuggerNotification(Task task)&#xD;
   at System.Runtime.CompilerServices.TaskAwaiter`1.GetResult()&#xD;
   at OpenQA.Selenium.Remote.HttpCommandExecutor.Execute(Command commandToExecute)&#xD;
--- End of inner exception stack trace ---&#xD;
    at OpenQA.Selenium.Remote.HttpCommandExecutor.Execute(Command commandToExecute)&#xD;
   at OpenQA.Selenium.Remote.DriverServiceCommandExecutor.Execute(Command commandToExecute)&#xD;
   at OpenQA.Selenium.WebDriver.Execute(String driverCommandToExecute, Dictionary`2 parameters)&#xD;
   at OpenQA.Selenium.WebDriver.set_Url(String value)&#xD;
   at SQABootCampFinalProject.PageObjectModel.BaseClass.CommonMethodClass.SetUpApplication() in C:\Users\raees\source\repos\SQABootCampFinalProject\PageObjectModel\BaseClass\BaseClass.cs:line 72&#xD;
   at SQABOOTCAUMP01_FINAL_PROJECT_Umar_Khursheed_.NewFolder1.PlaceOrderTestCase.PlaceOrder_Register_Before_Checkout() in C:\Users\raees\source\repos\SQABootCampFinalProject\PageObjectModel\PlaceOrder\PlaceOrderTestCase.cs:line 59&#xD;
</StackTrace>
        </ErrorInfo>
      </Output>
    </UnitTestResult>
    <UnitTestResult executionId="f29cc17a-e9c2-4b33-b05f-c9df12f1af79" testId="333ad59a-5f82-4c35-9693-514b98daaf65" testName="Add_Item_IntoCart_Update_Delete" computerName="DESKTOP-FCRQ2KL" duration="00:00:04.2948080" startTime="2022-10-17T07:19:53.8946622-07:00" endTime="2022-10-17T07:19:58.1839281-07:00" testType="13cdc9d9-ddb5-4fa4-a97d-d965ccfc6d4b" outcome="Failed" testListId="8c84fa94-04c1-424b-9868-57a2d4851a1d" relativeResultsDirectory="f29cc17a-e9c2-4b33-b05f-c9df12f1af79">
      <Output>
        <StdOut>Add_Item_IntoCart_Update_Delete</StdOut>
        <ErrorInfo>
          <Message>Test method SQABootCampFinalProject.PageObjectModel.AddToCart.AddToCartTestCases.Add_Item_IntoCart_Update_Delete threw exception: &#xD;
OpenQA.Selenium.WebDriverException: unknown error: net::ERR_INTERNET_DISCONNECTED
  (Session info: chrome=106.0.5249.119)</Message>
          <StackTrace>    at OpenQA.Selenium.WebDriver.UnpackAndThrowOnError(Response errorResponse, String commandToExecute)&#xD;
   at OpenQA.Selenium.WebDriver.Execute(String driverCommandToExecute, Dictionary`2 parameters)&#xD;
   at OpenQA.Selenium.WebDriver.set_Url(String value)&#xD;
   at SQABootCampFinalProject.PageObjectModel.BaseClass.CommonMethodClass.SetUpApplication() in C:\Users\raees\source\repos\SQABootCampFinalProject\PageObjectModel\BaseClass\BaseClass.cs:line 72&#xD;
   at SQABootCampFinalProject.PageObjectModel.AddToCart.AddToCartTestCases.Add_Item_IntoCart_Update_Delete() in C:\Users\raees\source\repos\SQABootCampFinalProject\PageObjectModel\AddToCart\AddToCartTestCases.cs:line 22&#xD;
</StackTrace>
        </ErrorInfo>
      </Output>
    </UnitTestResult>
    <UnitTestResult executionId="42e739ff-c25a-4023-8e2c-35f9803d9232" testId="2774aa22-319b-4709-8865-a716a6b41d73" testName="Sign_up_new_user_with_valid_Credentials (Data Row 0)" computerName="DESKTOP-FCRQ2KL" duration="00:00:54.5660310" startTime="2022-10-17T07:04:42.5361989-07:00" endTime="2022-10-17T07:05:37.1052537-07:00" testType="13cdc9d9-ddb5-4fa4-a97d-d965ccfc6d4b" outcome="Failed" testListId="8c84fa94-04c1-424b-9868-57a2d4851a1d" relativeResultsDirectory="42e739ff-c25a-4023-8e2c-35f9803d9232">
      <Output>
        <StdOut>Sign_up_new_user_with_valid_Credentials</StdOut>
        <ErrorInfo>
          <Message>Assert.AreEqual failed. Expected:&lt;Create New Customer Account&gt;. Actual:&lt;My Account&gt;. </Message>
          <StackTrace>   at SQABootCampFinalProject.PageObjectModel.BaseClass.CommonMethodClass.GetElementText_And_Verify_Visibilit(String elementtext, By path) in C:\Users\raees\source\repos\SQABootCampFinalProject\PageObjectModel\BaseClass\BaseClass.cs:line 312&#xD;
   at SQABOOTCAUMP01_FINAL_PROJECT.PageObjectModel.SignUp.Verify_Account_Created() in C:\Users\raees\source\repos\SQABootCampFinalProject\PageObjectModel\SignUpPage\SignUp.cs:line 132&#xD;
   at SQABOOTCAUMP01_FINAL_PROJECT.PageObjectModel.SignUp.SignUp_With_new_User(String fname, String lname, String mail, String pass, String cpass) in C:\Users\raees\source\repos\SQABootCampFinalProject\PageObjectModel\SignUpPage\SignUp.cs:line 220&#xD;
   at SQABOOTCAUMP01_FINAL_PROJECT.SignUpClassTestCases.Sign_up_new_user_with_valid_Credentials() in C:\Users\raees\source\repos\SQABootCampFinalProject\PageObjectModel\SignUpPage\SignUpClassTestCases.cs:line 92&#xD;
</StackTrace>
        </ErrorInfo>
      </Output>
    </UnitTestResult>
    <UnitTestResult executionId="b8ec4d1b-3619-4c8e-9c3b-86665d316203" testId="fbc40713-77a4-43eb-adc5-fcb4f6f76243" testName="LoginWithValidcredentials (Data Row 0)" computerName="DESKTOP-FCRQ2KL" duration="00:00:57.1291909" startTime="2022-10-17T07:17:42.3861422-07:00" endTime="2022-10-17T07:18:39.5177324-07:00" testType="13cdc9d9-ddb5-4fa4-a97d-d965ccfc6d4b" outcome="Failed" testListId="8c84fa94-04c1-424b-9868-57a2d4851a1d" relativeResultsDirectory="b8ec4d1b-3619-4c8e-9c3b-86665d316203">
      <Output>
        <StdOut>LoginWithValidcredentials</StdOut>
        <ErrorInfo>
          <Message>Test method SQABootCampFinalProject.PageObjectModel.LogInPage.LoginPageTestCase.LoginWithValidcredentials threw exception: &#xD;
OpenQA.Selenium.WebDriverException: unknown error: net::ERR_INTERNET_DISCONNECTED
  (Session info: chrome=106.0.5249.119)</Message>
          <StackTrace>    at OpenQA.Selenium.WebDriver.UnpackAndThrowOnError(Response errorResponse, String commandToExecute)&#xD;
   at OpenQA.Selenium.WebDriver.Execute(String driverCommandToExecute, Dictionary`2 parameters)&#xD;
   at OpenQA.Selenium.WebDriver.set_Url(String value)&#xD;
   at SQABootCampFinalProject.PageObjectModel.LogInPage.LoginPageTestCase.LoginWithValidcredentials() in C:\Users\raees\source\repos\SQABootCampFinalProject\PageObjectModel\LogInPage\LogInPageTestCase.cs:line 37&#xD;
</StackTrace>
        </ErrorInfo>
      </Output>
    </UnitTestResult>
    <UnitTestResult executionId="def509d7-b4de-451b-8e94-5f641623a22b" testId="06d77ec0-0458-425f-9746-d12379aa36ac" testName="Addtocart_With_Invalid_Quantity" computerName="DESKTOP-FCRQ2KL" duration="00:00:04.9624771" startTime="2022-10-17T07:20:23.6252206-07:00" endTime="2022-10-17T07:20:28.5988691-07:00" testType="13cdc9d9-ddb5-4fa4-a97d-d965ccfc6d4b" outcome="Failed" testListId="8c84fa94-04c1-424b-9868-57a2d4851a1d" relativeResultsDirectory="def509d7-b4de-451b-8e94-5f641623a22b">
      <Output>
        <StdOut>Addtocart_With_Invalid_Quantity</StdOut>
        <ErrorInfo>
          <Message>Test method SQABootCampFinalProject.PageObjectModel.AddToCart.AddToCartTestCases.Addtocart_With_Invalid_Quantity threw exception: &#xD;
OpenQA.Selenium.WebDriverException: unknown error: net::ERR_INTERNET_DISCONNECTED
  (Session info: chrome=106.0.5249.119)</Message>
          <StackTrace>    at OpenQA.Selenium.WebDriver.UnpackAndThrowOnError(Response errorResponse, String commandToExecute)&#xD;
   at OpenQA.Selenium.WebDriver.Execute(String driverCommandToExecute, Dictionary`2 parameters)&#xD;
   at OpenQA.Selenium.WebDriver.set_Url(String value)&#xD;
   at SQABootCampFinalProject.PageObjectModel.BaseClass.CommonMethodClass.SetUpApplication() in C:\Users\raees\source\repos\SQABootCampFinalProject\PageObjectModel\BaseClass\BaseClass.cs:line 72&#xD;
   at SQABootCampFinalProject.PageObjectModel.AddToCart.AddToCartTestCases.Addtocart_With_Invalid_Quantity() in C:\Users\raees\source\repos\SQABootCampFinalProject\PageObjectModel\AddToCart\AddToCartTestCases.cs:line 92&#xD;
</StackTrace>
        </ErrorInfo>
      </Output>
    </UnitTestResult>
    <UnitTestResult executionId="dd83575a-9cb0-48f0-8b39-890b7339343f" testId="0fa75c48-8709-4a68-af50-53a9c74baa6b" testName="AddItems_into_Cart_With_InValid_Boundries" computerName="DESKTOP-FCRQ2KL" duration="00:00:04.3021264" startTime="2022-10-17T07:20:04.3394966-07:00" endTime="2022-10-17T07:20:08.6405395-07:00" testType="13cdc9d9-ddb5-4fa4-a97d-d965ccfc6d4b" outcome="Failed" testListId="8c84fa94-04c1-424b-9868-57a2d4851a1d" relativeResultsDirectory="dd83575a-9cb0-48f0-8b39-890b7339343f">
      <Output>
        <StdOut>AddItems_into_Cart_With_InValid_Boundries</StdOut>
        <ErrorInfo>
          <Message>Test method SQABootCampFinalProject.PageObjectModel.AddToCart.AddToCartTestCases.AddItems_into_Cart_With_InValid_Boundries threw exception: &#xD;
OpenQA.Selenium.WebDriverException: unknown error: net::ERR_INTERNET_DISCONNECTED
  (Session info: chrome=106.0.5249.119)</Message>
          <StackTrace>    at OpenQA.Selenium.WebDriver.UnpackAndThrowOnError(Response errorResponse, String commandToExecute)&#xD;
   at OpenQA.Selenium.WebDriver.Execute(String driverCommandToExecute, Dictionary`2 parameters)&#xD;
   at OpenQA.Selenium.WebDriver.set_Url(String value)&#xD;
   at SQABootCampFinalProject.PageObjectModel.BaseClass.CommonMethodClass.SetUpApplication() in C:\Users\raees\source\repos\SQABootCampFinalProject\PageObjectModel\BaseClass\BaseClass.cs:line 72&#xD;
   at SQABootCampFinalProject.PageObjectModel.AddToCart.AddToCartTestCases.AddItems_into_Cart_With_InValid_Boundries() in C:\Users\raees\source\repos\SQABootCampFinalProject\PageObjectModel\AddToCart\AddToCartTestCases.cs:line 48&#xD;
</StackTrace>
        </ErrorInfo>
      </Output>
    </UnitTestResult>
    <UnitTestResult executionId="58a4bfa6-927b-42d8-9a5e-a450653c3623" testId="5b8bb309-d25f-4877-94fa-4620897bb5ea" testName="Subscription_With_InValid_Email_HomePage (Data Row 0)" computerName="DESKTOP-FCRQ2KL" duration="00:00:51.6787105" startTime="2022-10-17T07:16:50.7058263-07:00" endTime="2022-10-17T07:17:42.3861422-07:00" testType="13cdc9d9-ddb5-4fa4-a97d-d965ccfc6d4b" outcome="Failed" testListId="8c84fa94-04c1-424b-9868-57a2d4851a1d" relativeResultsDirectory="58a4bfa6-927b-42d8-9a5e-a450653c3623">
      <Output>
        <StdOut>Subscription_With_InValid_Email_HomePage</StdOut>
        <ErrorInfo>
          <Message>TestCleanup method SQABOOTCAUMP01_FINAL_PROJECT_Umar_Khursheed_.PageObjectModel.SubScriptionPage.SubscriptionPageTestCase.TestClean threw exception. OpenQA.Selenium.WebDriverException: OpenQA.Selenium.WebDriverException: invalid session id.</Message>
          <StackTrace>   at OpenQA.Selenium.WebDriver.UnpackAndThrowOnError(Response errorResponse, String commandToExecute)&#xD;
   at OpenQA.Selenium.WebDriver.Execute(String driverCommandToExecute, Dictionary`2 parameters)&#xD;
   at OpenQA.Selenium.WebDriver.Close()&#xD;
   at SQABootCampFinalProject.PageObjectModel.BaseClass.CommonMethodClass.TestClean() in C:\Users\raees\source\repos\SQABootCampFinalProject\PageObjectModel\BaseClass\BaseClass.cs:line 134&#xD;
</StackTrace>
        </ErrorInfo>
      </Output>
    </UnitTestResult>
    <UnitTestResult executionId="3711f898-586d-44af-9ed5-668ba3f34944" testId="a1d90340-0f5c-4ec2-a7f0-4a032eccfd58" testName="Search_Products_By_Invalid_Data (Data Row 0)" computerName="DESKTOP-FCRQ2KL" duration="00:01:02.1204383" startTime="2022-10-17T07:07:18.0215432-07:00" endTime="2022-10-17T07:08:20.1436276-07:00" testType="13cdc9d9-ddb5-4fa4-a97d-d965ccfc6d4b" outcome="Failed" testListId="8c84fa94-04c1-424b-9868-57a2d4851a1d" relativeResultsDirectory="3711f898-586d-44af-9ed5-668ba3f34944">
      <Output>
        <StdOut>Search_Products_By_Invalid_Data</StdOut>
        <ErrorInfo>
          <Message>TestCleanup method SQABOOTCAUMP01_FINAL_PROJECT_Umar_Khursheed_.SearchClassTestCase.TestClean threw exception. OpenQA.Selenium.WebDriverException: OpenQA.Selenium.WebDriverException: invalid session id.</Message>
          <StackTrace>   at OpenQA.Selenium.WebDriver.UnpackAndThrowOnError(Response errorResponse, String commandToExecute)&#xD;
   at OpenQA.Selenium.WebDriver.Execute(String driverCommandToExecute, Dictionary`2 parameters)&#xD;
   at OpenQA.Selenium.WebDriver.Close()&#xD;
   at SQABootCampFinalProject.PageObjectModel.BaseClass.CommonMethodClass.TestClean() in C:\Users\raees\source\repos\SQABootCampFinalProject\PageObjectModel\BaseClass\BaseClass.cs:line 134&#xD;
</StackTrace>
        </ErrorInfo>
      </Output>
    </UnitTestResult>
    <UnitTestResult executionId="3b7b40fd-5211-4aaa-aa6b-ea16cc0e99aa" testId="99e9b7a7-f8e7-4cb3-bf3a-9091b7f68a26" testName="LogOut (Data Row 0)" computerName="DESKTOP-FCRQ2KL" duration="00:00:23.6236748" startTime="2022-10-17T07:18:50.5909274-07:00" endTime="2022-10-17T07:19:27.3353739-07:00" testType="13cdc9d9-ddb5-4fa4-a97d-d965ccfc6d4b" outcome="Failed" testListId="8c84fa94-04c1-424b-9868-57a2d4851a1d" relativeResultsDirectory="3b7b40fd-5211-4aaa-aa6b-ea16cc0e99aa">
      <Output>
        <StdOut>LogOut</StdOut>
        <ErrorInfo>
          <Message>Test method SQABootCampFinalProject.PageObjectModel.LogInPage.LoginPageTestCase.LogOut threw exception: &#xD;
OpenQA.Selenium.WebDriverException: unknown error: net::ERR_INTERNET_DISCONNECTED
  (Session info: chrome=106.0.5249.119)</Message>
          <StackTrace>    at OpenQA.Selenium.WebDriver.UnpackAndThrowOnError(Response errorResponse, String commandToExecute)&#xD;
   at OpenQA.Selenium.WebDriver.Execute(String driverCommandToExecute, Dictionary`2 parameters)&#xD;
   at OpenQA.Selenium.WebDriver.set_Url(String value)&#xD;
   at SQABootCampFinalProject.PageObjectModel.BaseClass.CommonMethodClass.SetUpApplication() in C:\Users\raees\source\repos\SQABootCampFinalProject\PageObjectModel\BaseClass\BaseClass.cs:line 72&#xD;
   at SQABootCampFinalProject.PageObjectModel.LogInPage.LoginPageTestCase.LogOut() in C:\Users\raees\source\repos\SQABootCampFinalProject\PageObjectModel\LogInPage\LogInPageTestCase.cs:line 64&#xD;
</StackTrace>
        </ErrorInfo>
      </Output>
    </UnitTestResult>
    <UnitTestResult executionId="e05c075c-c73a-412f-a3fa-c2e8bbf97686" testId="f3f95a16-c3d6-4dec-ba9a-4af4e19b368a" testName="AddTocart_Without_color_and_Quantity" computerName="DESKTOP-FCRQ2KL" duration="00:00:05.7012593" startTime="2022-10-17T07:20:12.7349419-07:00" endTime="2022-10-17T07:20:18.4400993-07:00" testType="13cdc9d9-ddb5-4fa4-a97d-d965ccfc6d4b" outcome="Failed" testListId="8c84fa94-04c1-424b-9868-57a2d4851a1d" relativeResultsDirectory="e05c075c-c73a-412f-a3fa-c2e8bbf97686">
      <Output>
        <StdOut>AddTocart_Without_color_and_Quantity</StdOut>
        <ErrorInfo>
          <Message>Test method SQABootCampFinalProject.PageObjectModel.AddToCart.AddToCartTestCases.AddTocart_Without_color_and_Quantity threw exception: &#xD;
OpenQA.Selenium.WebDriverException: unknown error: net::ERR_INTERNET_DISCONNECTED
  (Session info: chrome=106.0.5249.119)</Message>
          <StackTrace>    at OpenQA.Selenium.WebDriver.UnpackAndThrowOnError(Response errorResponse, String commandToExecute)&#xD;
   at OpenQA.Selenium.WebDriver.Execute(String driverCommandToExecute, Dictionary`2 parameters)&#xD;
   at OpenQA.Selenium.WebDriver.set_Url(String value)&#xD;
   at SQABootCampFinalProject.PageObjectModel.BaseClass.CommonMethodClass.SetUpApplication() in C:\Users\raees\source\repos\SQABootCampFinalProject\PageObjectModel\BaseClass\BaseClass.cs:line 72&#xD;
   at SQABootCampFinalProject.PageObjectModel.AddToCart.AddToCartTestCases.AddTocart_Without_color_and_Quantity() in C:\Users\raees\source\repos\SQABootCampFinalProject\PageObjectModel\AddToCart\AddToCartTestCases.cs:line 70&#xD;
</StackTrace>
        </ErrorInfo>
      </Output>
    </UnitTestResult>
    <UnitTestResult executionId="69fcc8c6-90ea-4b05-9957-0430b84ee6ab" testId="7e02123c-d65d-434a-ba46-8aeaf35138f8" testName="Fill_All_MandatoryFields (Data Row 0)" computerName="DESKTOP-FCRQ2KL" duration="00:00:21.2866492" startTime="2022-10-17T07:19:27.3353739-07:00" endTime="2022-10-17T07:19:49.1531107-07:00" testType="13cdc9d9-ddb5-4fa4-a97d-d965ccfc6d4b" outcome="Failed" testListId="8c84fa94-04c1-424b-9868-57a2d4851a1d" relativeResultsDirectory="69fcc8c6-90ea-4b05-9957-0430b84ee6ab">
      <Output>
        <StdOut>Fill_All_MandatoryFields</StdOut>
        <ErrorInfo>
          <Message>Test method SQABootCampFinalProject.PageObjectModel.ContactUs.ContactUsTestCase.Fill_All_MandatoryFields threw exception: &#xD;
OpenQA.Selenium.WebDriverException: unknown error: net::ERR_INTERNET_DISCONNECTED
  (Session info: chrome=106.0.5249.119)</Message>
          <StackTrace>    at OpenQA.Selenium.WebDriver.UnpackAndThrowOnError(Response errorResponse, String commandToExecute)&#xD;
   at OpenQA.Selenium.WebDriver.Execute(String driverCommandToExecute, Dictionary`2 parameters)&#xD;
   at OpenQA.Selenium.WebDriver.set_Url(String value)&#xD;
   at SQABootCampFinalProject.PageObjectModel.BaseClass.CommonMethodClass.SetUpApplication() in C:\Users\raees\source\repos\SQABootCampFinalProject\PageObjectModel\BaseClass\BaseClass.cs:line 72&#xD;
   at SQABootCampFinalProject.PageObjectModel.ContactUs.ContactUsTestCase.Fill_All_MandatoryFields() in C:\Users\raees\source\repos\SQABootCampFinalProject\PageObjectModel\ContactUs\ContactUsTestCase.cs:line 22&#xD;
</StackTrace>
        </ErrorInfo>
      </Output>
    </UnitTestResult>
    <UnitTestResult executionId="fd5fe233-4cbc-47e6-9f75-ce4746d02ef9" testId="8eabc87f-2ed6-441e-ac55-7756916c8aab" testName="search_and_Select_Items_From_Suggestion (Data Row 0)" computerName="DESKTOP-FCRQ2KL" duration="00:00:57.6274728" startTime="2022-10-17T07:06:20.3775311-07:00" endTime="2022-10-17T07:07:18.0215432-07:00" testType="13cdc9d9-ddb5-4fa4-a97d-d965ccfc6d4b" outcome="Failed" testListId="8c84fa94-04c1-424b-9868-57a2d4851a1d" relativeResultsDirectory="fd5fe233-4cbc-47e6-9f75-ce4746d02ef9">
      <Output>
        <StdOut>search_and_Select_Items_From_Suggestion</StdOut>
        <ErrorInfo>
          <Message>TestCleanup method SQABOOTCAUMP01_FINAL_PROJECT_Umar_Khursheed_.SearchClassTestCase.TestClean threw exception. OpenQA.Selenium.WebDriverException: OpenQA.Selenium.WebDriverException: invalid session id.</Message>
          <StackTrace>   at OpenQA.Selenium.WebDriver.UnpackAndThrowOnError(Response errorResponse, String commandToExecute)&#xD;
   at OpenQA.Selenium.WebDriver.Execute(String driverCommandToExecute, Dictionary`2 parameters)&#xD;
   at OpenQA.Selenium.WebDriver.Close()&#xD;
   at SQABootCampFinalProject.PageObjectModel.BaseClass.CommonMethodClass.TestClean() in C:\Users\raees\source\repos\SQABootCampFinalProject\PageObjectModel\BaseClass\BaseClass.cs:line 134&#xD;
</StackTrace>
        </ErrorInfo>
      </Output>
    </UnitTestResult>
    <UnitTestResult executionId="60224e1c-c037-4584-be2b-6ad62f519ed8" testId="2be458d9-3058-44f3-8481-31344dff025f" testName="PlaceOrder_Register_While_Add_Item_Ito_Wishlist (Data Row 0)" computerName="DESKTOP-FCRQ2KL" duration="00:04:55.7859916" startTime="2022-10-17T07:10:00.4575227-07:00" endTime="2022-10-17T07:14:56.2462845-07:00" testType="13cdc9d9-ddb5-4fa4-a97d-d965ccfc6d4b" outcome="Failed" testListId="8c84fa94-04c1-424b-9868-57a2d4851a1d" relativeResultsDirectory="60224e1c-c037-4584-be2b-6ad62f519ed8">
      <Output>
        <StdOut>PlaceOrder_Register_While_Add_Item_Ito_Wishlist</StdOut>
        <ErrorInfo>
          <Message>Test method SQABOOTCAUMP01_FINAL_PROJECT_Umar_Khursheed_.NewFolder1.PlaceOrderTestCase.PlaceOrder_Register_While_Add_Item_Ito_Wishlist threw exception: &#xD;
OpenQA.Selenium.WebDriverTimeoutException: Timed out after 60 seconds ---&gt; OpenQA.Selenium.NoSuchElementException: no such element: Unable to locate element: {"method":"xpath","selector":"/html/body/div[2]/main/div[2]/div[1]/div[1]/h1/span"}
  (Session info: chrome=106.0.5249.119)</Message>
          <StackTrace>    at OpenQA.Selenium.WebDriver.UnpackAndThrowOnError(Response errorResponse, String commandToExecute)&#xD;
   at OpenQA.Selenium.WebDriver.Execute(String driverCommandToExecute, Dictionary`2 parameters)&#xD;
   at OpenQA.Selenium.WebDriver.FindElement(String mechanism, String value)&#xD;
   at OpenQA.Selenium.By.&lt;.ctor&gt;b__11_0(ISearchContext context)&#xD;
   at OpenQA.Selenium.By.FindElement(ISearchContext context)&#xD;
   at OpenQA.Selenium.WebDriver.FindElement(By by)&#xD;
   at SQABootCampFinalProject.PageObjectModel.BaseClass.CommonMethodClass.IsElementVisible(By by) in C:\Users\raees\source\repos\SQABootCampFinalProject\PageObjectModel\BaseClass\BaseClass.cs:line 397&#xD;
   at SQABootCampFinalProject.PageObjectModel.BaseClass.CommonMethodClass.&lt;&gt;c__DisplayClass58_0.&lt;WaitforElement&gt;b__0(IWebDriver driver) in C:\Users\raees\source\repos\SQABootCampFinalProject\PageObjectModel\BaseClass\BaseClass.cs:line 435&#xD;
   at OpenQA.Selenium.Support.UI.DefaultWait`1.Until[TResult](Func`2 condition, CancellationToken token)&#xD;
--- End of inner exception stack trace ---&#xD;
    at OpenQA.Selenium.Support.UI.DefaultWait`1.ThrowTimeoutException(String exceptionMessage, Exception lastException)&#xD;
   at OpenQA.Selenium.Support.UI.DefaultWait`1.Until[TResult](Func`2 condition, CancellationToken token)&#xD;
   at OpenQA.Selenium.Support.UI.DefaultWait`1.Until[TResult](Func`2 condition)&#xD;
   at SQABootCampFinalProject.PageObjectModel.BaseClass.CommonMethodClass.WaitforElement(By by, Int32 timeToReadyElement) in C:\Users\raees\source\repos\SQABootCampFinalProject\PageObjectModel\BaseClass\BaseClass.cs:line 435&#xD;
   at SQABootCampFinalProject.PageObjectModel.BaseClass.CommonMethodClass.GetElementText_And_Verify_Visibilit(String elementtext, By path) in C:\Users\raees\source\repos\SQABootCampFinalProject\PageObjectModel\BaseClass\BaseClass.cs:line 310&#xD;
   at SQABOOTCAUMP01_FINAL_PROJECT_Umar_Khursheed_.PageObjectModel.Home.MyWishList.My_Wish_List_Visible() in C:\Users\raees\source\repos\SQABootCampFinalProject\PageObjectModel\PlaceOrder\MyWishList.cs:line 21&#xD;
   at SQABOOTCAUMP01_FINAL_PROJECT_Umar_Khursheed_.PageObjectModel.Home.CommonClass.PlaceOrder2(String fname, String lname, String email, String pass, String confirmpass) in C:\Users\raees\source\repos\SQABootCampFinalProject\PageObjectModel\PlaceOrder\CommonClass.cs:line 39&#xD;
   at SQABOOTCAUMP01_FINAL_PROJECT_Umar_Khursheed_.NewFolder1.PlaceOrderTestCase.PlaceOrder_Register_While_Add_Item_Ito_Wishlist() in C:\Users\raees\source\repos\SQABootCampFinalProject\PageObjectModel\PlaceOrder\PlaceOrderTestCase.cs:line 48&#xD;
</StackTrace>
        </ErrorInfo>
      </Output>
    </UnitTestResult>
    <UnitTestResult executionId="c091ed89-1d22-4fc0-a25c-dd499ba4ad75" testId="aaefcdf3-e14a-42af-81b4-4b97d6f48710" testName="Empty_MandatoryFields (Data Row 0)" computerName="DESKTOP-FCRQ2KL" duration="00:00:04.7005850" startTime="2022-10-17T07:19:49.1531107-07:00" endTime="2022-10-17T07:19:53.8946622-07:00" testType="13cdc9d9-ddb5-4fa4-a97d-d965ccfc6d4b" outcome="Failed" testListId="8c84fa94-04c1-424b-9868-57a2d4851a1d" relativeResultsDirectory="c091ed89-1d22-4fc0-a25c-dd499ba4ad75">
      <Output>
        <StdOut>Empty_MandatoryFields</StdOut>
        <ErrorInfo>
          <Message>Test method SQABootCampFinalProject.PageObjectModel.ContactUs.ContactUsTestCase.Empty_MandatoryFields threw exception: &#xD;
OpenQA.Selenium.WebDriverException: unknown error: net::ERR_INTERNET_DISCONNECTED
  (Session info: chrome=106.0.5249.119)</Message>
          <StackTrace>    at OpenQA.Selenium.WebDriver.UnpackAndThrowOnError(Response errorResponse, String commandToExecute)&#xD;
   at OpenQA.Selenium.WebDriver.Execute(String driverCommandToExecute, Dictionary`2 parameters)&#xD;
   at OpenQA.Selenium.WebDriver.set_Url(String value)&#xD;
   at SQABootCampFinalProject.PageObjectModel.BaseClass.CommonMethodClass.SetUpApplication() in C:\Users\raees\source\repos\SQABootCampFinalProject\PageObjectModel\BaseClass\BaseClass.cs:line 72&#xD;
   at SQABootCampFinalProject.PageObjectModel.ContactUs.ContactUsTestCase.Empty_MandatoryFields() in C:\Users\raees\source\repos\SQABootCampFinalProject\PageObjectModel\ContactUs\ContactUsTestCase.cs:line 38&#xD;
</StackTrace>
        </ErrorInfo>
      </Output>
    </UnitTestResult>
    <UnitTestResult executionId="fd09cbc0-83be-49a6-8196-6ab620635b83" testId="b557059f-e016-4236-a151-032106609f70" testName="AddTocart_Without_Quantity" computerName="DESKTOP-FCRQ2KL" duration="00:00:05.1936844" startTime="2022-10-17T07:20:18.4400993-07:00" endTime="2022-10-17T07:20:23.6252206-07:00" testType="13cdc9d9-ddb5-4fa4-a97d-d965ccfc6d4b" outcome="Failed" testListId="8c84fa94-04c1-424b-9868-57a2d4851a1d" relativeResultsDirectory="fd09cbc0-83be-49a6-8196-6ab620635b83">
      <Output>
        <StdOut>AddTocart_Without_Quantity</StdOut>
        <ErrorInfo>
          <Message>Test method SQABootCampFinalProject.PageObjectModel.AddToCart.AddToCartTestCases.AddTocart_Without_Quantity threw exception: &#xD;
OpenQA.Selenium.WebDriverException: unknown error: net::ERR_INTERNET_DISCONNECTED
  (Session info: chrome=106.0.5249.119)</Message>
          <StackTrace>    at OpenQA.Selenium.WebDriver.UnpackAndThrowOnError(Response errorResponse, String commandToExecute)&#xD;
   at OpenQA.Selenium.WebDriver.Execute(String driverCommandToExecute, Dictionary`2 parameters)&#xD;
   at OpenQA.Selenium.WebDriver.set_Url(String value)&#xD;
   at SQABootCampFinalProject.PageObjectModel.BaseClass.CommonMethodClass.SetUpApplication() in C:\Users\raees\source\repos\SQABootCampFinalProject\PageObjectModel\BaseClass\BaseClass.cs:line 72&#xD;
   at SQABootCampFinalProject.PageObjectModel.AddToCart.AddToCartTestCases.AddTocart_Without_Quantity() in C:\Users\raees\source\repos\SQABootCampFinalProject\PageObjectModel\AddToCart\AddToCartTestCases.cs:line 81&#xD;
</StackTrace>
        </ErrorInfo>
      </Output>
    </UnitTestResult>
    <UnitTestResult executionId="98ecf736-59a9-4923-88f6-7ebcd0c15d47" testId="ea7c7af3-393d-4535-83ab-df6fb9a9ee99" testName="Addtocart_Without_Size_color_and_Quantity" computerName="DESKTOP-FCRQ2KL" duration="00:00:04.0960886" startTime="2022-10-17T07:20:08.6405395-07:00" endTime="2022-10-17T07:20:12.7349419-07:00" testType="13cdc9d9-ddb5-4fa4-a97d-d965ccfc6d4b" outcome="Failed" testListId="8c84fa94-04c1-424b-9868-57a2d4851a1d" relativeResultsDirectory="98ecf736-59a9-4923-88f6-7ebcd0c15d47">
      <Output>
        <StdOut>Addtocart_Without_Size_color_and_Quantity</StdOut>
        <ErrorInfo>
          <Message>Test method SQABootCampFinalProject.PageObjectModel.AddToCart.AddToCartTestCases.Addtocart_Without_Size_color_and_Quantity threw exception: &#xD;
OpenQA.Selenium.WebDriverException: unknown error: net::ERR_INTERNET_DISCONNECTED
  (Session info: chrome=106.0.5249.119)</Message>
          <StackTrace>    at OpenQA.Selenium.WebDriver.UnpackAndThrowOnError(Response errorResponse, String commandToExecute)&#xD;
   at OpenQA.Selenium.WebDriver.Execute(String driverCommandToExecute, Dictionary`2 parameters)&#xD;
   at OpenQA.Selenium.WebDriver.set_Url(String value)&#xD;
   at SQABootCampFinalProject.PageObjectModel.BaseClass.CommonMethodClass.SetUpApplication() in C:\Users\raees\source\repos\SQABootCampFinalProject\PageObjectModel\BaseClass\BaseClass.cs:line 72&#xD;
   at SQABootCampFinalProject.PageObjectModel.AddToCart.AddToCartTestCases.Addtocart_Without_Size_color_and_Quantity() in C:\Users\raees\source\repos\SQABootCampFinalProject\PageObjectModel\AddToCart\AddToCartTestCases.cs:line 59&#xD;
</StackTrace>
        </ErrorInfo>
      </Output>
    </UnitTestResult>
    <UnitTestResult executionId="c6eb2151-adbb-41b2-ab5e-0d94b878f953" testId="ae14f6b7-455b-4bc4-96a7-c4ef8af41f19" testName="Click_Sign_Up_button_WithOut_Enter_AnyData" computerName="DESKTOP-FCRQ2KL" duration="00:00:43.2709299" startTime="2022-10-17T07:05:37.1052537-07:00" endTime="2022-10-17T07:06:20.3775311-07:00" testType="13cdc9d9-ddb5-4fa4-a97d-d965ccfc6d4b" outcome="Failed" testListId="8c84fa94-04c1-424b-9868-57a2d4851a1d" relativeResultsDirectory="c6eb2151-adbb-41b2-ab5e-0d94b878f953">
      <Output>
        <StdOut>Click_Sign_Up_button_WithOut_Enter_AnyData</StdOut>
        <ErrorInfo>
          <Message>TestCleanup method SQABOOTCAUMP01_FINAL_PROJECT.SignUpClassTestCases.TestClean threw exception. OpenQA.Selenium.WebDriverException: OpenQA.Selenium.WebDriverException: invalid session id.</Message>
          <StackTrace>   at OpenQA.Selenium.WebDriver.UnpackAndThrowOnError(Response errorResponse, String commandToExecute)&#xD;
   at OpenQA.Selenium.WebDriver.Execute(String driverCommandToExecute, Dictionary`2 parameters)&#xD;
   at OpenQA.Selenium.WebDriver.Close()&#xD;
   at SQABootCampFinalProject.PageObjectModel.BaseClass.CommonMethodClass.TestClean() in C:\Users\raees\source\repos\SQABootCampFinalProject\PageObjectModel\BaseClass\BaseClass.cs:line 134&#xD;
</StackTrace>
        </ErrorInfo>
      </Output>
    </UnitTestResult>
    <UnitTestResult executionId="3f1b27ce-c214-4b46-87b2-b73281e4396a" testId="6c24db38-e9bc-4968-b1d7-e011e521c40a" testName="Sign_up_with_Existing_User (Data Row 0)" computerName="DESKTOP-FCRQ2KL" duration="00:00:40.4648219" startTime="2022-10-17T07:04:02.0688744-07:00" endTime="2022-10-17T07:04:42.5361989-07:00" testType="13cdc9d9-ddb5-4fa4-a97d-d965ccfc6d4b" outcome="Failed" testListId="8c84fa94-04c1-424b-9868-57a2d4851a1d" relativeResultsDirectory="3f1b27ce-c214-4b46-87b2-b73281e4396a">
      <Output>
        <StdOut>Sign_up_with_Existing_User</StdOut>
        <ErrorInfo>
          <Message>TestCleanup method SQABOOTCAUMP01_FINAL_PROJECT.SignUpClassTestCases.TestClean threw exception. OpenQA.Selenium.WebDriverException: OpenQA.Selenium.WebDriverException: invalid session id.</Message>
          <StackTrace>   at OpenQA.Selenium.WebDriver.UnpackAndThrowOnError(Response errorResponse, String commandToExecute)&#xD;
   at OpenQA.Selenium.WebDriver.Execute(String driverCommandToExecute, Dictionary`2 parameters)&#xD;
   at OpenQA.Selenium.WebDriver.Close()&#xD;
   at SQABootCampFinalProject.PageObjectModel.BaseClass.CommonMethodClass.TestClean() in C:\Users\raees\source\repos\SQABootCampFinalProject\PageObjectModel\BaseClass\BaseClass.cs:line 134&#xD;
</StackTrace>
        </ErrorInfo>
      </Output>
    </UnitTestResult>
    <UnitTestResult executionId="cb89f948-4b7a-4bb8-9d27-f636417c95c0" testId="e5633c5d-7f96-4ad8-9768-f4b02e9f9232" testName="Subscription_With_Valid_Email_Homepage (Data Row 0)" computerName="DESKTOP-FCRQ2KL" duration="00:00:31.3265077" startTime="2022-10-17T07:16:19.3524900-07:00" endTime="2022-10-17T07:16:50.7058263-07:00" testType="13cdc9d9-ddb5-4fa4-a97d-d965ccfc6d4b" outcome="Failed" testListId="8c84fa94-04c1-424b-9868-57a2d4851a1d" relativeResultsDirectory="cb89f948-4b7a-4bb8-9d27-f636417c95c0">
      <Output>
        <StdOut>Subscription_With_Valid_Email_Homepage</StdOut>
        <ErrorInfo>
          <Message>Assert.AreEqual failed. Expected:&lt;This email address is already subscribed.&gt;. Actual:&lt;Thank you for your subscription.&gt;. </Message>
          <StackTrace>   at SQABootCampFinalProject.PageObjectModel.BaseClass.CommonMethodClass.GetElementText_And_Verify_Visibilit(String elementtext, By path) in C:\Users\raees\source\repos\SQABootCampFinalProject\PageObjectModel\BaseClass\BaseClass.cs:line 312&#xD;
   at SQABOOTCAUMP01_FINAL_PROJECT_Umar_Khursheed_.PageObjectModel.HomePage.Subscriptionpage.Subscription1(String email) in C:\Users\raees\source\repos\SQABootCampFinalProject\PageObjectModel\SubScriptionPage\Subscriptionpage.cs:line 35&#xD;
   at SQABOOTCAUMP01_FINAL_PROJECT_Umar_Khursheed_.PageObjectModel.SubScriptionPage.SubscriptionPageTestCase.Subscription_With_Valid_Email_Homepage() in C:\Users\raees\source\repos\SQABootCampFinalProject\PageObjectModel\SubScriptionPage\SubscriptionPageTestCase.cs:line 27&#xD;
</StackTrace>
        </ErrorInfo>
      </Output>
    </UnitTestResult>
    <UnitTestResult executionId="96402393-70fb-4a6c-ab6e-a2cc1e8a949c" testId="3a2ed7f5-b1b5-49fb-b175-594196728120" testName="SignUp_with_invalid_credentials (Data Row 0)" computerName="DESKTOP-FCRQ2KL" duration="00:00:37.7314719" startTime="2022-10-17T07:03:22.9017875-07:00" endTime="2022-10-17T07:04:02.0207122-07:00" testType="13cdc9d9-ddb5-4fa4-a97d-d965ccfc6d4b" outcome="Failed" testListId="8c84fa94-04c1-424b-9868-57a2d4851a1d" relativeResultsDirectory="96402393-70fb-4a6c-ab6e-a2cc1e8a949c">
      <Output>
        <StdOut>SignUp_with_invalid_credentials</StdOut>
        <ErrorInfo>
          <Message>TestCleanup method SQABOOTCAUMP01_FINAL_PROJECT.SignUpClassTestCases.TestClean threw exception. OpenQA.Selenium.WebDriverException: OpenQA.Selenium.WebDriverException: invalid session id.</Message>
          <StackTrace>   at OpenQA.Selenium.WebDriver.UnpackAndThrowOnError(Response errorResponse, String commandToExecute)&#xD;
   at OpenQA.Selenium.WebDriver.Execute(String driverCommandToExecute, Dictionary`2 parameters)&#xD;
   at OpenQA.Selenium.WebDriver.Close()&#xD;
   at SQABootCampFinalProject.PageObjectModel.BaseClass.CommonMethodClass.TestClean() in C:\Users\raees\source\repos\SQABootCampFinalProject\PageObjectModel\BaseClass\BaseClass.cs:line 134&#xD;
</StackTrace>
        </ErrorInfo>
      </Output>
    </UnitTestResult>
    <UnitTestResult executionId="6ae644bc-d5ce-4dc4-bb7e-cd515b389d53" testId="74046c59-7259-431b-acef-c059f32392bc" testName="PlaceOrder_SignIn_While_CheckOut" computerName="DESKTOP-FCRQ2KL" duration="00:01:40.3120655" startTime="2022-10-17T07:08:20.1436276-07:00" endTime="2022-10-17T07:10:00.4575227-07:00" testType="13cdc9d9-ddb5-4fa4-a97d-d965ccfc6d4b" outcome="Failed" testListId="8c84fa94-04c1-424b-9868-57a2d4851a1d" relativeResultsDirectory="6ae644bc-d5ce-4dc4-bb7e-cd515b389d53">
      <Output>
        <StdOut>PlaceOrder_SignIn_While_CheckOut</StdOut>
        <ErrorInfo>
          <Message>Assert.AreEqual failed. Expected:&lt;The requested qty is not available&gt;. Actual:&lt;You added Atomic Endurance Running Tee (Crew-Neck) to your shopping cart.&gt;. </Message>
          <StackTrace>   at SQABootCampFinalProject.PageObjectModel.BaseClass.CommonMethodClass.GetElementText_And_Verify_Visibilit(String elementtext, By path) in C:\Users\raees\source\repos\SQABootCampFinalProject\PageObjectModel\BaseClass\BaseClass.cs:line 312&#xD;
   at SQABOOTCAUMP01_FINAL_PROJECT_Umar_Khursheed_.PageObjectModel.Home.AddToCartC.AtomicEndurance_AddIntoCart_Message_Showing() in C:\Users\raees\source\repos\SQABootCampFinalProject\PageObjectModel\PlaceOrder\AddToCart.cs:line 142&#xD;
   at SQABOOTCAUMP01_FINAL_PROJECT_Umar_Khursheed_.PageObjectModel.Home.AddToCartC.Add_AtomicEndurance_Into_Cart() in C:\Users\raees\source\repos\SQABootCampFinalProject\PageObjectModel\PlaceOrder\AddToCart.cs:line 216&#xD;
   at SQABOOTCAUMP01_FINAL_PROJECT_Umar_Khursheed_.PageObjectModel.Home.CommonClass.PlaceOrder1() in C:\Users\raees\source\repos\SQABootCampFinalProject\PageObjectModel\PlaceOrder\CommonClass.cs:line 30&#xD;
   at SQABOOTCAUMP01_FINAL_PROJECT_Umar_Khursheed_.NewFolder1.PlaceOrderTestCase.PlaceOrder_SignIn_While_CheckOut() in C:\Users\raees\source\repos\SQABootCampFinalProject\PageObjectModel\PlaceOrder\PlaceOrderTestCase.cs:line 29&#xD;
</StackTrace>
        </ErrorInfo>
      </Output>
    </UnitTestResult>
    <UnitTestResult executionId="91e891d5-6eb0-424d-bdc8-bb7cfb9d4acf" testId="ef53f677-0e90-462d-8481-360855f29ceb" testName="AddItems_into_Cart_With_Valid_Boundries" computerName="DESKTOP-FCRQ2KL" duration="00:00:06.1458559" startTime="2022-10-17T07:19:58.1839281-07:00" endTime="2022-10-17T07:20:04.3394966-07:00" testType="13cdc9d9-ddb5-4fa4-a97d-d965ccfc6d4b" outcome="Failed" testListId="8c84fa94-04c1-424b-9868-57a2d4851a1d" relativeResultsDirectory="91e891d5-6eb0-424d-bdc8-bb7cfb9d4acf">
      <Output>
        <StdOut>AddItems_into_Cart_With_Valid_Boundries</StdOut>
        <ErrorInfo>
          <Message>Test method SQABootCampFinalProject.PageObjectModel.AddToCart.AddToCartTestCases.AddItems_into_Cart_With_Valid_Boundries threw exception: &#xD;
OpenQA.Selenium.WebDriverException: unknown error: net::ERR_INTERNET_DISCONNECTED
  (Session info: chrome=106.0.5249.119)</Message>
          <StackTrace>    at OpenQA.Selenium.WebDriver.UnpackAndThrowOnError(Response errorResponse, String commandToExecute)&#xD;
   at OpenQA.Selenium.WebDriver.Execute(String driverCommandToExecute, Dictionary`2 parameters)&#xD;
   at OpenQA.Selenium.WebDriver.set_Url(String value)&#xD;
   at SQABootCampFinalProject.PageObjectModel.BaseClass.CommonMethodClass.SetUpApplication() in C:\Users\raees\source\repos\SQABootCampFinalProject\PageObjectModel\BaseClass\BaseClass.cs:line 72&#xD;
   at SQABootCampFinalProject.PageObjectModel.AddToCart.AddToCartTestCases.AddItems_into_Cart_With_Valid_Boundries() in C:\Users\raees\source\repos\SQABootCampFinalProject\PageObjectModel\AddToCart\AddToCartTestCases.cs:line 36&#xD;
</StackTrace>
        </ErrorInfo>
      </Output>
    </UnitTestResult>
  </Results>
  <TestDefinitions>
    <UnitTest name="Empty_MandatoryFields (Data Row 0)" storage="c:\users\raees\source\repos\sqabootcampfinalproject\bin\debug\sqabootcampfinalproject.dll" id="aaefcdf3-e14a-42af-81b4-4b97d6f48710">
      <Execution id="c091ed89-1d22-4fc0-a25c-dd499ba4ad75" />
      <TestMethod codeBase="C:\Users\raees\source\repos\SQABootCampFinalProject\bin\Debug\SQABootCampFinalProject.dll" adapterTypeName="executor://mstestadapter/v2" className="SQABootCampFinalProject.PageObjectModel.ContactUs.ContactUsTestCase" name="Empty_MandatoryFields" />
    </UnitTest>
    <UnitTest name="Subscription_With_InValid_Email_HomePage (Data Row 0)" storage="c:\users\raees\source\repos\sqabootcampfinalproject\bin\debug\sqabootcampfinalproject.dll" id="5b8bb309-d25f-4877-94fa-4620897bb5ea">
      <TestCategory>
        <TestCategoryItem TestCategory="Subscription" />
      </TestCategory>
      <Execution id="58a4bfa6-927b-42d8-9a5e-a450653c3623" />
      <TestMethod codeBase="C:\Users\raees\source\repos\SQABootCampFinalProject\bin\Debug\SQABootCampFinalProject.dll" adapterTypeName="executor://mstestadapter/v2" className="SQABOOTCAUMP01_FINAL_PROJECT_Umar_Khursheed_.PageObjectModel.SubScriptionPage.SubscriptionPageTestCase" name="Subscription_With_InValid_Email_HomePage" />
    </UnitTest>
    <UnitTest name="Search_Products_By_Invalid_Data (Data Row 0)" storage="c:\users\raees\source\repos\sqabootcampfinalproject\bin\debug\sqabootcampfinalproject.dll" id="a1d90340-0f5c-4ec2-a7f0-4a032eccfd58">
      <TestCategory>
        <TestCategoryItem TestCategory="SearchClass" />
      </TestCategory>
      <Execution id="3711f898-586d-44af-9ed5-668ba3f34944" />
      <TestMethod codeBase="C:\Users\raees\source\repos\SQABootCampFinalProject\bin\Debug\SQABootCampFinalProject.dll" adapterTypeName="executor://mstestadapter/v2" className="SQABOOTCAUMP01_FINAL_PROJECT_Umar_Khursheed_.SearchClassTestCase" name="Search_Products_By_Invalid_Data" />
    </UnitTest>
    <UnitTest name="Fill_All_MandatoryFields (Data Row 0)" storage="c:\users\raees\source\repos\sqabootcampfinalproject\bin\debug\sqabootcampfinalproject.dll" id="7e02123c-d65d-434a-ba46-8aeaf35138f8">
      <Execution id="69fcc8c6-90ea-4b05-9957-0430b84ee6ab" />
      <TestMethod codeBase="C:\Users\raees\source\repos\SQABootCampFinalProject\bin\Debug\SQABootCampFinalProject.dll" adapterTypeName="executor://mstestadapter/v2" className="SQABootCampFinalProject.PageObjectModel.ContactUs.ContactUsTestCase" name="Fill_All_MandatoryFields" />
    </UnitTest>
    <UnitTest name="Addtocart_With_Invalid_Quantity" storage="c:\users\raees\source\repos\sqabootcampfinalproject\bin\debug\sqabootcampfinalproject.dll" id="06d77ec0-0458-425f-9746-d12379aa36ac">
      <Execution id="def509d7-b4de-451b-8e94-5f641623a22b" />
      <TestMethod codeBase="C:\Users\raees\source\repos\SQABootCampFinalProject\bin\Debug\SQABootCampFinalProject.dll" adapterTypeName="executor://mstestadapter/v2" className="SQABootCampFinalProject.PageObjectModel.AddToCart.AddToCartTestCases" name="Addtocart_With_Invalid_Quantity" />
    </UnitTest>
    <UnitTest name="AddItems_into_Cart_With_InValid_Boundries" storage="c:\users\raees\source\repos\sqabootcampfinalproject\bin\debug\sqabootcampfinalproject.dll" id="0fa75c48-8709-4a68-af50-53a9c74baa6b">
      <Execution id="dd83575a-9cb0-48f0-8b39-890b7339343f" />
      <TestMethod codeBase="C:\Users\raees\source\repos\SQABootCampFinalProject\bin\Debug\SQABootCampFinalProject.dll" adapterTypeName="executor://mstestadapter/v2" className="SQABootCampFinalProject.PageObjectModel.AddToCart.AddToCartTestCases" name="AddItems_into_Cart_With_InValid_Boundries" />
    </UnitTest>
    <UnitTest name="Add_Item_IntoCart_Update_Delete" storage="c:\users\raees\source\repos\sqabootcampfinalproject\bin\debug\sqabootcampfinalproject.dll" id="333ad59a-5f82-4c35-9693-514b98daaf65">
      <Execution id="f29cc17a-e9c2-4b33-b05f-c9df12f1af79" />
      <TestMethod codeBase="C:\Users\raees\source\repos\SQABootCampFinalProject\bin\Debug\SQABootCampFinalProject.dll" adapterTypeName="executor://mstestadapter/v2" className="SQABootCampFinalProject.PageObjectModel.AddToCart.AddToCartTestCases" name="Add_Item_IntoCart_Update_Delete" />
    </UnitTest>
    <UnitTest name="PlaceOrder_SignIn_While_CheckOut" storage="c:\users\raees\source\repos\sqabootcampfinalproject\bin\debug\sqabootcampfinalproject.dll" id="74046c59-7259-431b-acef-c059f32392bc">
      <Execution id="6ae644bc-d5ce-4dc4-bb7e-cd515b389d53" />
      <TestMethod codeBase="C:\Users\raees\source\repos\SQABootCampFinalProject\bin\Debug\SQABootCampFinalProject.dll" adapterTypeName="executor://mstestadapter/v2" className="SQABOOTCAUMP01_FINAL_PROJECT_Umar_Khursheed_.NewFolder1.PlaceOrderTestCase" name="PlaceOrder_SignIn_While_CheckOut" />
    </UnitTest>
    <UnitTest name="Sign_up_with_Existing_User (Data Row 0)" storage="c:\users\raees\source\repos\sqabootcampfinalproject\bin\debug\sqabootcampfinalproject.dll" id="6c24db38-e9bc-4968-b1d7-e011e521c40a">
      <Execution id="3f1b27ce-c214-4b46-87b2-b73281e4396a" />
      <TestMethod codeBase="C:\Users\raees\source\repos\SQABootCampFinalProject\bin\Debug\SQABootCampFinalProject.dll" adapterTypeName="executor://mstestadapter/v2" className="SQABOOTCAUMP01_FINAL_PROJECT.SignUpClassTestCases" name="Sign_up_with_Existing_User" />
    </UnitTest>
    <UnitTest name="AddTocart_Without_color_and_Quantity" storage="c:\users\raees\source\repos\sqabootcampfinalproject\bin\debug\sqabootcampfinalproject.dll" id="f3f95a16-c3d6-4dec-ba9a-4af4e19b368a">
      <Execution id="e05c075c-c73a-412f-a3fa-c2e8bbf97686" />
      <TestMethod codeBase="C:\Users\raees\source\repos\SQABootCampFinalProject\bin\Debug\SQABootCampFinalProject.dll" adapterTypeName="executor://mstestadapter/v2" className="SQABootCampFinalProject.PageObjectModel.AddToCart.AddToCartTestCases" name="AddTocart_Without_color_and_Quantity" />
    </UnitTest>
    <UnitTest name="Click_Sign_Up_button_WithOut_Enter_AnyData" storage="c:\users\raees\source\repos\sqabootcampfinalproject\bin\debug\sqabootcampfinalproject.dll" id="ae14f6b7-455b-4bc4-96a7-c4ef8af41f19">
      <Execution id="c6eb2151-adbb-41b2-ab5e-0d94b878f953" />
      <TestMethod codeBase="C:\Users\raees\source\repos\SQABootCampFinalProject\bin\Debug\SQABootCampFinalProject.dll" adapterTypeName="executor://mstestadapter/v2" className="SQABOOTCAUMP01_FINAL_PROJECT.SignUpClassTestCases" name="Click_Sign_Up_button_WithOut_Enter_AnyData" />
    </UnitTest>
    <UnitTest name="LoginWithValidcredentials (Data Row 0)" storage="c:\users\raees\source\repos\sqabootcampfinalproject\bin\debug\sqabootcampfinalproject.dll" id="fbc40713-77a4-43eb-adc5-fcb4f6f76243">
      <TestCategory>
        <TestCategoryItem TestCategory="LogIn" />
      </TestCategory>
      <Execution id="b8ec4d1b-3619-4c8e-9c3b-86665d316203" />
      <TestMethod codeBase="C:\Users\raees\source\repos\SQABootCampFinalProject\bin\Debug\SQABootCampFinalProject.dll" adapterTypeName="executor://mstestadapter/v2" className="SQABootCampFinalProject.PageObjectModel.LogInPage.LoginPageTestCase" name="LoginWithValidcredentials" />
    </UnitTest>
    <UnitTest name="SignUp_with_invalid_credentials (Data Row 0)" storage="c:\users\raees\source\repos\sqabootcampfinalproject\bin\debug\sqabootcampfinalproject.dll" id="3a2ed7f5-b1b5-49fb-b175-594196728120">
      <Execution id="96402393-70fb-4a6c-ab6e-a2cc1e8a949c" />
      <TestMethod codeBase="C:\Users\raees\source\repos\SQABootCampFinalProject\bin\Debug\SQABootCampFinalProject.dll" adapterTypeName="executor://mstestadapter/v2" className="SQABOOTCAUMP01_FINAL_PROJECT.SignUpClassTestCases" name="SignUp_with_invalid_credentials" />
    </UnitTest>
    <UnitTest name="AddItems_into_Cart_With_Valid_Boundries" storage="c:\users\raees\source\repos\sqabootcampfinalproject\bin\debug\sqabootcampfinalproject.dll" id="ef53f677-0e90-462d-8481-360855f29ceb">
      <Execution id="91e891d5-6eb0-424d-bdc8-bb7cfb9d4acf" />
      <TestMethod codeBase="C:\Users\raees\source\repos\SQABootCampFinalProject\bin\Debug\SQABootCampFinalProject.dll" adapterTypeName="executor://mstestadapter/v2" className="SQABootCampFinalProject.PageObjectModel.AddToCart.AddToCartTestCases" name="AddItems_into_Cart_With_Valid_Boundries" />
    </UnitTest>
    <UnitTest name="LogOut (Data Row 0)" storage="c:\users\raees\source\repos\sqabootcampfinalproject\bin\debug\sqabootcampfinalproject.dll" id="99e9b7a7-f8e7-4cb3-bf3a-9091b7f68a26">
      <TestCategory>
        <TestCategoryItem TestCategory="LogIn" />
      </TestCategory>
      <Execution id="3b7b40fd-5211-4aaa-aa6b-ea16cc0e99aa" />
      <TestMethod codeBase="C:\Users\raees\source\repos\SQABootCampFinalProject\bin\Debug\SQABootCampFinalProject.dll" adapterTypeName="executor://mstestadapter/v2" className="SQABootCampFinalProject.PageObjectModel.LogInPage.LoginPageTestCase" name="LogOut" />
    </UnitTest>
    <UnitTest name="search_and_Select_Items_From_Suggestion (Data Row 0)" storage="c:\users\raees\source\repos\sqabootcampfinalproject\bin\debug\sqabootcampfinalproject.dll" id="8eabc87f-2ed6-441e-ac55-7756916c8aab">
      <TestCategory>
        <TestCategoryItem TestCategory="SearchClass" />
      </TestCategory>
      <Execution id="fd5fe233-4cbc-47e6-9f75-ce4746d02ef9" />
      <TestMethod codeBase="C:\Users\raees\source\repos\SQABootCampFinalProject\bin\Debug\SQABootCampFinalProject.dll" adapterTypeName="executor://mstestadapter/v2" className="SQABOOTCAUMP01_FINAL_PROJECT_Umar_Khursheed_.SearchClassTestCase" name="search_and_Select_Items_From_Suggestion" />
    </UnitTest>
    <UnitTest name="LoginWithInvalidCredentials (Data Row 0)" storage="c:\users\raees\source\repos\sqabootcampfinalproject\bin\debug\sqabootcampfinalproject.dll" id="30b7b748-45cd-45f3-8dd7-18d5453afd60">
      <TestCategory>
        <TestCategoryItem TestCategory="LogIn" />
      </TestCategory>
      <Execution id="846898ad-8241-4a1f-b9b2-a0a9c15c23d8" />
      <TestMethod codeBase="C:\Users\raees\source\repos\SQABootCampFinalProject\bin\Debug\SQABootCampFinalProject.dll" adapterTypeName="executor://mstestadapter/v2" className="SQABootCampFinalProject.PageObjectModel.LogInPage.LoginPageTestCase" name="LoginWithInvalidCredentials" />
    </UnitTest>
    <UnitTest name="PlaceOrder_Register_Before_Checkout (Data Row 0)" storage="c:\users\raees\source\repos\sqabootcampfinalproject\bin\debug\sqabootcampfinalproject.dll" id="f2af65d4-2ecb-415b-9fb0-1f57f34c2ae7">
      <Execution id="65401837-9196-4619-8d94-9e9f56085f93" />
      <TestMethod codeBase="C:\Users\raees\source\repos\SQABootCampFinalProject\bin\Debug\SQABootCampFinalProject.dll" adapterTypeName="executor://mstestadapter/v2" className="SQABOOTCAUMP01_FINAL_PROJECT_Umar_Khursheed_.NewFolder1.PlaceOrderTestCase" name="PlaceOrder_Register_Before_Checkout" />
    </UnitTest>
    <UnitTest name="Addtocart_Without_Size_color_and_Quantity" storage="c:\users\raees\source\repos\sqabootcampfinalproject\bin\debug\sqabootcampfinalproject.dll" id="ea7c7af3-393d-4535-83ab-df6fb9a9ee99">
      <Execution id="98ecf736-59a9-4923-88f6-7ebcd0c15d47" />
      <TestMethod codeBase="C:\Users\raees\source\repos\SQABootCampFinalProject\bin\Debug\SQABootCampFinalProject.dll" adapterTypeName="executor://mstestadapter/v2" className="SQABootCampFinalProject.PageObjectModel.AddToCart.AddToCartTestCases" name="Addtocart_Without_Size_color_and_Quantity" />
    </UnitTest>
    <UnitTest name="Sign_up_new_user_with_valid_Credentials (Data Row 0)" storage="c:\users\raees\source\repos\sqabootcampfinalproject\bin\debug\sqabootcampfinalproject.dll" id="2774aa22-319b-4709-8865-a716a6b41d73">
      <Execution id="42e739ff-c25a-4023-8e2c-35f9803d9232" />
      <TestMethod codeBase="C:\Users\raees\source\repos\SQABootCampFinalProject\bin\Debug\SQABootCampFinalProject.dll" adapterTypeName="executor://mstestadapter/v2" className="SQABOOTCAUMP01_FINAL_PROJECT.SignUpClassTestCases" name="Sign_up_new_user_with_valid_Credentials" />
    </UnitTest>
    <UnitTest name="PlaceOrder_Register_While_Add_Item_Ito_Wishlist (Data Row 0)" storage="c:\users\raees\source\repos\sqabootcampfinalproject\bin\debug\sqabootcampfinalproject.dll" id="2be458d9-3058-44f3-8481-31344dff025f">
      <Execution id="60224e1c-c037-4584-be2b-6ad62f519ed8" />
      <TestMethod codeBase="C:\Users\raees\source\repos\SQABootCampFinalProject\bin\Debug\SQABootCampFinalProject.dll" adapterTypeName="executor://mstestadapter/v2" className="SQABOOTCAUMP01_FINAL_PROJECT_Umar_Khursheed_.NewFolder1.PlaceOrderTestCase" name="PlaceOrder_Register_While_Add_Item_Ito_Wishlist" />
    </UnitTest>
    <UnitTest name="AddTocart_Without_Quantity" storage="c:\users\raees\source\repos\sqabootcampfinalproject\bin\debug\sqabootcampfinalproject.dll" id="b557059f-e016-4236-a151-032106609f70">
      <Execution id="fd09cbc0-83be-49a6-8196-6ab620635b83" />
      <TestMethod codeBase="C:\Users\raees\source\repos\SQABootCampFinalProject\bin\Debug\SQABootCampFinalProject.dll" adapterTypeName="executor://mstestadapter/v2" className="SQABootCampFinalProject.PageObjectModel.AddToCart.AddToCartTestCases" name="AddTocart_Without_Quantity" />
    </UnitTest>
    <UnitTest name="Subscription_With_Valid_Email_Homepage (Data Row 0)" storage="c:\users\raees\source\repos\sqabootcampfinalproject\bin\debug\sqabootcampfinalproject.dll" id="e5633c5d-7f96-4ad8-9768-f4b02e9f9232">
      <TestCategory>
        <TestCategoryItem TestCategory="Subscription" />
      </TestCategory>
      <Execution id="cb89f948-4b7a-4bb8-9d27-f636417c95c0" />
      <TestMethod codeBase="C:\Users\raees\source\repos\SQABootCampFinalProject\bin\Debug\SQABootCampFinalProject.dll" adapterTypeName="executor://mstestadapter/v2" className="SQABOOTCAUMP01_FINAL_PROJECT_Umar_Khursheed_.PageObjectModel.SubScriptionPage.SubscriptionPageTestCase" name="Subscription_With_Valid_Email_Homepage" />
    </UnitTest>
  </TestDefinitions>
  <TestEntries>
    <TestEntry testId="30b7b748-45cd-45f3-8dd7-18d5453afd60" executionId="846898ad-8241-4a1f-b9b2-a0a9c15c23d8" testListId="8c84fa94-04c1-424b-9868-57a2d4851a1d" />
    <TestEntry testId="f2af65d4-2ecb-415b-9fb0-1f57f34c2ae7" executionId="65401837-9196-4619-8d94-9e9f56085f93" testListId="8c84fa94-04c1-424b-9868-57a2d4851a1d" />
    <TestEntry testId="333ad59a-5f82-4c35-9693-514b98daaf65" executionId="f29cc17a-e9c2-4b33-b05f-c9df12f1af79" testListId="8c84fa94-04c1-424b-9868-57a2d4851a1d" />
    <TestEntry testId="2774aa22-319b-4709-8865-a716a6b41d73" executionId="42e739ff-c25a-4023-8e2c-35f9803d9232" testListId="8c84fa94-04c1-424b-9868-57a2d4851a1d" />
    <TestEntry testId="fbc40713-77a4-43eb-adc5-fcb4f6f76243" executionId="b8ec4d1b-3619-4c8e-9c3b-86665d316203" testListId="8c84fa94-04c1-424b-9868-57a2d4851a1d" />
    <TestEntry testId="06d77ec0-0458-425f-9746-d12379aa36ac" executionId="def509d7-b4de-451b-8e94-5f641623a22b" testListId="8c84fa94-04c1-424b-9868-57a2d4851a1d" />
    <TestEntry testId="0fa75c48-8709-4a68-af50-53a9c74baa6b" executionId="dd83575a-9cb0-48f0-8b39-890b7339343f" testListId="8c84fa94-04c1-424b-9868-57a2d4851a1d" />
    <TestEntry testId="5b8bb309-d25f-4877-94fa-4620897bb5ea" executionId="58a4bfa6-927b-42d8-9a5e-a450653c3623" testListId="8c84fa94-04c1-424b-9868-57a2d4851a1d" />
    <TestEntry testId="a1d90340-0f5c-4ec2-a7f0-4a032eccfd58" executionId="3711f898-586d-44af-9ed5-668ba3f34944" testListId="8c84fa94-04c1-424b-9868-57a2d4851a1d" />
    <TestEntry testId="99e9b7a7-f8e7-4cb3-bf3a-9091b7f68a26" executionId="3b7b40fd-5211-4aaa-aa6b-ea16cc0e99aa" testListId="8c84fa94-04c1-424b-9868-57a2d4851a1d" />
    <TestEntry testId="f3f95a16-c3d6-4dec-ba9a-4af4e19b368a" executionId="e05c075c-c73a-412f-a3fa-c2e8bbf97686" testListId="8c84fa94-04c1-424b-9868-57a2d4851a1d" />
    <TestEntry testId="7e02123c-d65d-434a-ba46-8aeaf35138f8" executionId="69fcc8c6-90ea-4b05-9957-0430b84ee6ab" testListId="8c84fa94-04c1-424b-9868-57a2d4851a1d" />
    <TestEntry testId="8eabc87f-2ed6-441e-ac55-7756916c8aab" executionId="fd5fe233-4cbc-47e6-9f75-ce4746d02ef9" testListId="8c84fa94-04c1-424b-9868-57a2d4851a1d" />
    <TestEntry testId="2be458d9-3058-44f3-8481-31344dff025f" executionId="60224e1c-c037-4584-be2b-6ad62f519ed8" testListId="8c84fa94-04c1-424b-9868-57a2d4851a1d" />
    <TestEntry testId="aaefcdf3-e14a-42af-81b4-4b97d6f48710" executionId="c091ed89-1d22-4fc0-a25c-dd499ba4ad75" testListId="8c84fa94-04c1-424b-9868-57a2d4851a1d" />
    <TestEntry testId="b557059f-e016-4236-a151-032106609f70" executionId="fd09cbc0-83be-49a6-8196-6ab620635b83" testListId="8c84fa94-04c1-424b-9868-57a2d4851a1d" />
    <TestEntry testId="ea7c7af3-393d-4535-83ab-df6fb9a9ee99" executionId="98ecf736-59a9-4923-88f6-7ebcd0c15d47" testListId="8c84fa94-04c1-424b-9868-57a2d4851a1d" />
    <TestEntry testId="ae14f6b7-455b-4bc4-96a7-c4ef8af41f19" executionId="c6eb2151-adbb-41b2-ab5e-0d94b878f953" testListId="8c84fa94-04c1-424b-9868-57a2d4851a1d" />
    <TestEntry testId="6c24db38-e9bc-4968-b1d7-e011e521c40a" executionId="3f1b27ce-c214-4b46-87b2-b73281e4396a" testListId="8c84fa94-04c1-424b-9868-57a2d4851a1d" />
    <TestEntry testId="e5633c5d-7f96-4ad8-9768-f4b02e9f9232" executionId="cb89f948-4b7a-4bb8-9d27-f636417c95c0" testListId="8c84fa94-04c1-424b-9868-57a2d4851a1d" />
    <TestEntry testId="3a2ed7f5-b1b5-49fb-b175-594196728120" executionId="96402393-70fb-4a6c-ab6e-a2cc1e8a949c" testListId="8c84fa94-04c1-424b-9868-57a2d4851a1d" />
    <TestEntry testId="74046c59-7259-431b-acef-c059f32392bc" executionId="6ae644bc-d5ce-4dc4-bb7e-cd515b389d53" testListId="8c84fa94-04c1-424b-9868-57a2d4851a1d" />
    <TestEntry testId="ef53f677-0e90-462d-8481-360855f29ceb" executionId="91e891d5-6eb0-424d-bdc8-bb7cfb9d4acf" testListId="8c84fa94-04c1-424b-9868-57a2d4851a1d" />
  </TestEntries>
  <TestLists>
    <TestList name="Results Not in a List" id="8c84fa94-04c1-424b-9868-57a2d4851a1d" />
    <TestList name="All Loaded Results" id="19431567-8539-422a-85d7-44ee4e166bda" />
  </TestLists>
  <ResultSummary outcome="Failed">
    <Counters total="23" executed="23" passed="0" failed="23" error="0" timeout="0" aborted="0" inconclusive="0" passedButRunAborted="0" notRunnable="0" notExecuted="0" disconnected="0" warning="0" completed="0" inProgress="0" pending="0" />
  </ResultSummary>
</TestRun>